******************************************************************************
                  TI ARM Linker PC v18.12.4                    
******************************************************************************
>> Linked Wed Feb 10 15:58:12 2021

OUTPUT FILE NAME:   <TMS570 free RTOS blinky.out>
ENTRY POINT SYMBOL: "_c_int00"  address: 0000db60


MEMORY CONFIGURATION

         name            origin    length      used     unused   attr    fill
----------------------  --------  ---------  --------  --------  ----  --------
  VECTORS               00000000   00000020  00000020  00000000     X
  KERNEL                00000020   00008000  00005110  00002ef0  R  X
  FLASH0                00008020   00057fe0  00006a60  00051580  R  X
  STACKS                08000000   00000800  00000000  00000800  RW  
  KRAM                  08000800   00000800  00000154  000006ac  RW  
  RAM                   08001000   00007000  00002024  00004fdc  RW  


SEGMENT ALLOCATION MAP

run origin  load origin   length   init length attrs members
----------  ----------- ---------- ----------- ----- -------
00000000    00000000    00005130   00005130    r-x
  00000000    00000000    00000020   00000020    r-x .intvecs
  00000020    00000020    000050c0   000050c0    r-x .kernelTEXT
  000050e0    000050e0    00000050   00000050    r-- .cinit
00008020    00008020    00006a60   00006a60    r-x
  00008020    00008020    000068e0   000068e0    r-x .text
  0000e900    0000e900    00000180   00000180    r-- .const
08000800    08000800    00000154   00000000    rw-
  08000800    08000800    00000154   00000000    rw- .kernelBSS
08001000    08001000    00002024   00000000    rw-
  08001000    08001000    00002000   00000000    rw- .kernelHEAP
  08003000    08003000    00000018   00000000    rw- .data
  08003018    08003018    0000000c   00000000    rw- .bss


SECTION ALLOCATION MAP

 output                                  attributes/
section   page    origin      length       input sections
--------  ----  ----------  ----------   ----------------
.intvecs   0    00000000    00000020     
                  00000000    00000020     sys_intvecs.obj (.intvecs)

.kernelTEXT 
*          0    00000020    000050c0     
                  00000020    00002bdc     os_tasks.obj (.kernelTEXT)
                  00002bfc    000011dc     os_queue.obj (.kernelTEXT)
                  00003dd8    0000081c     os_event_groups.obj (.kernelTEXT)
                  000045f4    000003bc     os_port.obj (.kernelTEXT)
                  000049b0    000003b0     os_portasm.obj (.kernelTEXT)
                  00004d60    00000380     os_heap.obj (.kernelTEXT)

.cinit     0    000050e0    00000050     
                  000050e0    0000000c     (__TI_handler_table)
                  000050ec    0000000b     (.cinit..data.load) [load image, compression = lzss]
                  000050f7    00000009     (.cinit..kernelBSS.load) [load image, compression = lzss]
                  00005100    00000008     (.cinit..bss.load) [load image, compression = zero_init]
                  00005108    00000008     (.cinit..kernelHEAP.load) [load image, compression = zero_init]
                  00005110    00000020     (__TI_cinit_table)

.text      0    00008020    000068e0     
                  00008020    000024f0     sys_selftest.obj (.text)
                  0000a510    00000aa0     system.obj (.text)
                  0000afb0    000009a0     os_mpu_wrappers.obj (.text)
                  0000b950    0000089c     sys_vim.obj (.text)
                  0000c1ec    00000664     errata_SSWF021_45.obj (.text)
                  0000c850    000005bc     esm.obj (.text)
                  0000ce0c    0000036c     gio.obj (.text)
                  0000d178    000002d0     sys_core.obj (.text)
                  0000d448    00000278     os_heap.obj (.text)
                  0000d6c0    00000268     sys_vim.obj (.text:retain)
                  0000d928    00000238     os_list.obj (.text)
                  0000db60    0000021c     sys_startup.obj (.text:retain)
                  0000dd7c    000001b4     os_port.obj (.text)
                  0000df30    00000180     rtsv7R4_A_be_eabi.lib : memcpy32.asm.obj (.text)
                  0000e0b0    00000164     os_tasks.obj (.text)
                  0000e214    00000150     pinmux.obj (.text)
                  0000e364    000000ec     esm.obj (.text:retain)
                  0000e450    000000e8     dabort.obj (.text)
                  0000e538    000000e0     sys_pmu.obj (.text)
                  0000e618    000000b0     rtsv7R4_A_be_eabi.lib : memset32.asm.obj (.text)
                  0000e6c8    00000090                           : copy_decompress_lzss.c.obj (.text:decompress:lzss:__TI_decompress_lzss)
                  0000e758    00000080     sys_main.obj (.text)
                  0000e7d8    0000006c     notification.obj (.text)
                  0000e844    00000068     rtsv7R4_A_be_eabi.lib : autoinit.c.obj (.text:__TI_auto_init_nobinit_nopinit:__TI_auto_init_nobinit_nopinit)
                  0000e8ac    00000020                           : strlen.c.obj (.text:strlen)
                  0000e8cc    00000014                           : copy_decompress_none.c.obj (.text:decompress:none:__TI_decompress_none)
                  0000e8e0    00000010                           : copy_zero_init.c.obj (.text:decompress:ZI:__TI_zero_init)
                  0000e8f0    00000008                           : exit.c.obj (.text:abort:abort)
                  0000e8f8    00000004     sys_phantom.obj (.text:retain)
                  0000e8fc    00000004     sys_startup.obj (.text)

.const     0    0000e900    00000180     
                  0000e900    00000180     sys_vim.obj (.const:s_vim_init)

.kernelBSS 
*          0    08000800    00000154     UNINITIALIZED
                  08000800    00000120     os_tasks.obj (.kernelBSS:uninit)
                  08000920    00000034     os_tasks.obj (.kernelBSS:init)

.kernelHEAP 
*          0    08001000    00002000     UNINITIALIZED
                  08001000    00002000     os_heap.obj (.kernelHEAP)

.data      0    08003000    00000018     UNINITIALIZED
                  08003000    00000010     os_heap.obj (.data)
                  08003010    00000008     os_port.obj (.data)

.bss       0    08003018    0000000c     UNINITIALIZED
                  08003018    00000008     os_heap.obj (.bss:xStart)
                  08003020    00000004     (.common:xTask1Handle)

MODULE SUMMARY

       Module                       code    ro data   rw data
       ------                       ----    -------   -------
    .\source\
       os_tasks.obj                 11584   0         340    
       os_heap.obj                  1528    0         8216   
       sys_selftest.obj             9456    0         0      
       os_queue.obj                 4572    0         0      
       sys_vim.obj                  2820    384       0      
       system.obj                   2720    0         0      
       os_mpu_wrappers.obj          2464    0         0      
       os_event_groups.obj          2076    0         0      
       esm.obj                      1704    0         0      
       errata_SSWF021_45.obj        1636    0         0      
       os_port.obj                  1392    0         8      
       os_portasm.obj               944     0         0      
       gio.obj                      876     0         0      
       sys_core.obj                 720     0         0      
       os_list.obj                  568     0         0      
       sys_startup.obj              544     0         0      
       pinmux.obj                   336     0         0      
       dabort.obj                   232     0         0      
       sys_pmu.obj                  224     0         0      
       sys_main.obj                 128     0         4      
       notification.obj             108     0         0      
       sys_intvecs.obj              32      0         0      
       sys_phantom.obj              4       0         0      
    +--+----------------------------+-------+---------+---------+
       Total:                       46668   384       8568   
                                                             
    C:\ti\ccs930\ccs\tools\compiler\ti-cgt-arm_18.12.4.LTS\lib\rtsv7R4_A_be_eabi.lib
       memcpy32.asm.obj             384     0         0      
       memset32.asm.obj             176     0         0      
       copy_decompress_lzss.c.obj   144     0         0      
       autoinit.c.obj               104     0         0      
       strlen.c.obj                 32      0         0      
       copy_decompress_none.c.obj   20      0         0      
       copy_zero_init.c.obj         16      0         0      
       exit.c.obj                   8       0         0      
    +--+----------------------------+-------+---------+---------+
       Total:                       884     0         0      
                                                             
       Linker Generated:            0       80        0      
    +--+----------------------------+-------+---------+---------+
       Grand Total:                 47552   464       8568   


LINKER GENERATED COPY TABLES

__TI_cinit_table @ 00005110 records: 4, size/record: 8, table size: 32
	.data: load addr=000050ec, load size=0000000b bytes, run addr=08003000, run size=00000018 bytes, compression=lzss
	.kernelBSS: load addr=000050f7, load size=00000009 bytes, run addr=08000800, run size=00000154 bytes, compression=lzss
	.bss: load addr=00005100, load size=00000008 bytes, run addr=08003018, run size=0000000c bytes, compression=zero_init
	.kernelHEAP: load addr=00005108, load size=00000008 bytes, run addr=08001000, run size=00002000 bytes, compression=zero_init


LINKER GENERATED HANDLER TABLE

__TI_handler_table @ 000050e0 records: 3, size/record: 4, table size: 12
	index: 0, handler: __TI_decompress_lzss
	index: 1, handler: __TI_decompress_none
	index: 2, handler: __TI_zero_init


GLOBAL SYMBOLS: SORTED ALPHABETICALLY BY Name 

address   name                                  
-------   ----                                  
0000e8f0  C$$EXIT                               
0000b180  MPU_eTaskGetState                     
0000b2e8  MPU_pcTaskGetName                     
0000b3c8  MPU_pvTaskGetThreadLocalStoragePointer
0000b4e0  MPU_ulTaskNotifyTake                  
0000b69c  MPU_uxQueueMessagesWaiting            
0000b6d0  MPU_uxQueueSpacesAvailable            
0000b2bc  MPU_uxTaskGetNumberOfTasks            
0000b350  MPU_uxTaskGetStackHighWaterMark       
0000b14c  MPU_uxTaskPriorityGet                 
0000b924  MPU_vEventGroupDelete                 
0000b704  MPU_vQueueDelete                      
0000b058  MPU_vTaskAllocateMPURegions           
0000b0b8  MPU_vTaskDelay                        
0000b0e4  MPU_vTaskDelayUntil                   
0000b08c  MPU_vTaskDelete                       
0000b1b4  MPU_vTaskPrioritySet                  
0000b214  MPU_vTaskResume                       
0000b384  MPU_vTaskSetThreadLocalStoragePointer 
0000b558  MPU_vTaskSetTimeOutState              
0000b1e8  MPU_vTaskSuspend                      
0000b240  MPU_vTaskSuspendAll                   
0000b848  MPU_xEventGroupClearBits              
0000b7c0  MPU_xEventGroupCreate                 
0000b88c  MPU_xEventGroupSetBits                
0000b8d0  MPU_xEventGroupSync                   
0000b7ec  MPU_xEventGroupWaitBits               
0000b730  MPU_xQueueGenericCreate               
0000b648  MPU_xQueueGenericReceive              
0000b77c  MPU_xQueueGenericReset                
0000b5f4  MPU_xQueueGenericSend                 
0000b118  MPU_xTaskAbortDelay                   
0000b584  MPU_xTaskCheckForTimeOut              
0000afb0  MPU_xTaskCreate                       
0000b014  MPU_xTaskCreateRestricted             
0000b438  MPU_xTaskGenericNotify                
0000b31c  MPU_xTaskGetHandle                    
0000b40c  MPU_xTaskGetIdleTaskHandle            
0000b5c8  MPU_xTaskGetSchedulerState            
0000b290  MPU_xTaskGetTickCount                 
0000b524  MPU_xTaskNotifyStateClear             
0000b48c  MPU_xTaskNotifyWait                   
0000b264  MPU_xTaskResumeAll                    
UNDEFED   SHT$$INIT_ARRAY$$Base                 
UNDEFED   SHT$$INIT_ARRAY$$Limit                
00005110  __TI_CINIT_Base                       
00005130  __TI_CINIT_Limit                      
000050e0  __TI_Handler_Table_Base               
000050ec  __TI_Handler_Table_Limit              
0000d440  __TI_PINIT_Base                       
0000d444  __TI_PINIT_Limit                      
0000e844  __TI_auto_init_nobinit_nopinit        
0000e6c8  __TI_decompress_lzss                  
0000e8cc  __TI_decompress_none                  
ffffffff  __TI_pprof_out_hndl                   
ffffffff  __TI_prof_data_size                   
ffffffff  __TI_prof_data_start                  
00000000  __TI_static_base__                    
0000e8e0  __TI_zero_init                        
0000e618  __aeabi_memclr                        
0000e618  __aeabi_memclr4                       
0000e618  __aeabi_memclr8                       
0000df30  __aeabi_memcpy                        
0000df30  __aeabi_memcpy4                       
0000df30  __aeabi_memcpy8                       
0000e61c  __aeabi_memset                        
0000e61c  __aeabi_memset4                       
0000e61c  __aeabi_memset8                       
ffffffff  __binit__                             
ffffffff  __c_args__                            
0000db60  _c_int00                              
0000d368  _coreClearAuxiliaryDataFault_         
0000d37c  _coreClearAuxiliaryInstructionFault_  
0000d340  _coreClearDataFaultAddress_           
0000d318  _coreClearDataFault_                  
0000d354  _coreClearInstructionFaultAddress_    
0000d32c  _coreClearInstructionFault_           
0000d2ac  _coreDisableEventBusExport_           
0000d2f0  _coreDisableFlashEcc_                 
0000d2cc  _coreDisableRamEcc_                   
0000d29c  _coreEnableEventBusExport_            
0000d2dc  _coreEnableFlashEcc_                  
0000d300  _coreEnableIrqVicOffset_              
0000d2bc  _coreEnableRamEcc_                    
0000d360  _coreGetAuxiliaryDataFault_           
0000d374  _coreGetAuxiliaryInstructionFault_    
0000d338  _coreGetDataFaultAddress_             
0000d310  _coreGetDataFault_                    
0000d34c  _coreGetInstructionFaultAddress_      
0000d324  _coreGetInstructionFault_             
0000d178  _coreInitRegisters_                   
0000d230  _coreInitStackPointer_                
0000e450  _dabort                               
0000d390  _disable_FIQ_interrupt_               
0000d398  _disable_IRQ_interrupt_               
0000d388  _disable_interrupt_                   
0000d3a0  _enable_interrupt_                    
0000d430  _errata_CORTEXR4_66_                  
0000c1ec  _errata_SSWF021_45_both_plls          
0000c3e0  _errata_SSWF021_45_pll1               
0000c558  _errata_SSWF021_45_pll2               
0000d3a8  _esmCcmErrorsClear_                   
0000d27c  _getCPSRValue_                        
0000d284  _gotoCPUIdle_                         
0000e594  _pmuDisableCountersGlobal_            
0000e584  _pmuEnableCountersGlobal_             
0000e5f0  _pmuGetCycleCount_                    
0000e5f8  _pmuGetEventCount_                    
0000e604  _pmuGetOverflow_                      
0000e538  _pmuInit_                             
0000e5c4  _pmuResetCounters_                    
0000e5a4  _pmuResetCycleCounter_                
0000e5b4  _pmuResetEventCounters_               
0000e5e4  _pmuSetCountEvent_                    
0000e5d4  _pmuStartCounters_                    
0000e5dc  _pmuStopCounters_                     
UNDEFED   _system_post_cinit                    
0000e8f0  abort                                 
00009004  adc1ParityCheck                       
ffffffff  binit                                 
000090bc  can1ParityCheck                       
00009198  can2ParityCheck                       
00008030  ccmSelfCheck                          
0000a034  ccmr4GetConfigValue                   
00008938  checkB0RAMECC                         
00008b28  checkB1RAMECC                         
00009604  checkClockMonitor                     
00008d18  checkFlashECC                         
000096d8  checkFlashEEPROMECC                   
00009880  checkPLL1Slip                         
0000999c  checkRAMAddrParity                    
000093bc  checkRAMECC                           
00009aa4  checkRAMUERRTest                      
000087bc  checkefcSelfTest                      
00008234  cpuSelfTest                           
00008dfc  cpuSelfTestFail                       
0000aef0  customTrimLPO                         
00008df4  custom_dabort                         
0000a424  disableParity                         
00001f18  eTaskConfirmSleepModeStatus           
00000890  eTaskGetState                         
00008660  efcCheck                              
00009f98  efcGetConfigValue                     
00008794  efcSelfTest                           
000086e8  efcStuckZeroTest                      
0000a3d0  enableParity                          
0000a0b0  errata_PBIST_4                        
0000c9d4  esmActivateNormalOperation            
0000caa8  esmClearStatus                        
0000cae8  esmClearStatusBuffer                  
0000c99c  esmDisableError                       
0000ca0c  esmDisableInterrupt                   
0000c974  esmEnableError                        
0000c9e4  esmEnableInterrupt                    
0000cbe0  esmEnterSelfTest                      
0000c958  esmError                              
0000ccb8  esmGetConfigValue                     
0000cb24  esmGetStatus                          
0000cba8  esmGetStatusBuffer                    
0000e7d8  esmGroup1Notification                 
0000e7e8  esmGroup2Notification                 
0000e364  esmHighInterrupt                      
0000c850  esmInit                               
0000cc68  esmSelfTestStatus                     
0000cb04  esmSetCounterPreloadValue             
0000ca34  esmSetInterruptLevel                  
0000c9c4  esmTriggerErrorPinReset               
00009c00  fmcBus1ParityCheck                    
0000885c  fmcBus2Check                          
00008898  fmcECCcheck                           
0000d004  gioDisableNotification                
0000cfc8  gioEnableNotification                 
0000cf30  gioGetBit                             
0000d040  gioGetConfigValue                     
0000cf58  gioGetPort                            
0000ce0c  gioInit                               
0000e830  gioNotification                       
0000cec0  gioSetBit                             
0000cea0  gioSetDirection                       
0000cf10  gioSetPort                            
0000cf70  gioToggleBit                          
0000e8fc  handlePLLLockFail                     
00008eac  het1ParityCheck                       
00008f4c  htu1ParityCheck                       
0000e77c  main                                  
0000a668  mapClocks                             
0000df30  memcpy                                
00008174  memoryInit                            
0000e7f8  memoryPort0TestFailNotification       
0000e814  memoryPort1TestFailNotification       
0000e628  memset                                
00009260  mibspi1ParityCheck                    
0000e214  muxInit                               
00009d2c  pbistFail                             
00009db0  pbistGetConfigValue                   
000085a8  pbistIsTestCompleted                  
000085d4  pbistIsTestPassed                     
00008608  pbistPortTestStatus                   
000084ac  pbistRun                              
000082cc  pbistSelfCheck                        
00008578  pbistStop                             
00001354  pcTaskGetName                         
0000a614  periphInit                            
0000e8f8  phantomInterrupt                      
0000e29c  pinmuxGetConfigValue                  
00004d38  prvMpuDisable                         
00004d20  prvMpuEnable                          
00004d08  prvMpuSetRegion                       
00004d60  pvPortMalloc                          
00001ff8  pvTaskGetThreadLocalStoragePointer    
08000920  pxCurrentTCB                          
000045f4  pxPortInitialiseStack                 
00000000  resetEntry                            
00008020  selftestFailNotification              
0000a5d4  setupFlash                            
0000a510  setupPLL                              
0000adb4  sramGetConfigValue                    
00009ef8  stcGetConfigValue                     
000081b8  stcSelfCheck                          
00008df8  stcSelfCheckFail                      
0000e8ac  strlen                                
0000a848  systemGetConfigValue                  
0000a74c  systemInit                            
0000a818  systemPowerDown                       
0000ac08  tcmflashGetConfigValue                
0000a560  trimLPO                               
08003010  ulCriticalNesting                     
00004c44  ulPortCountLeadingZeros               
08003014  ulTaskHasFPUContext                   
00002390  ulTaskNotifyTake                      
0000dad4  uxListRemove                          
00003910  uxQueueMessagesWaiting                
00003994  uxQueueMessagesWaitingFromISR         
00003948  uxQueueSpacesAvailable                
00001348  uxTaskGetNumberOfTasks                
0000223c  uxTaskGetStackHighWaterMark           
00000994  uxTaskPriorityGet                     
000009d8  uxTaskPriorityGetFromISR              
00002354  uxTaskResetEventItemValue             
0000456c  vEventGroupClearBitsCallback          
000044cc  vEventGroupDelete                     
00004550  vEventGroupSetBitsCallback            
0000d928  vListInitialise                       
0000d980  vListInitialiseItem                   
0000da10  vListInsert                           
0000d99c  vListInsertEnd                        
0000497c  vPortEndScheduler                     
00004fb8  vPortFree                             
000050c8  vPortInitialiseBlocks                 
00004b84  vPortPreemptiveTick                   
00004c4c  vPortSWI                              
000049b4  vPortStartFirstTask                   
000046e4  vPortStoreTaskMPUSettings             
00004ad0  vPortYeildWithinAPI                   
00004a24  vPortYieldProcessor                   
000039c4  vQueueDelete                          
0000e758  vTask1                                
00002064  vTaskAllocateMPURegions               
0000080c  vTaskDelay                            
000006a0  vTaskDelayUntil                       
00000538  vTaskDelete                           
00001084  vTaskEndScheduler                     
00001f08  vTaskMissedYield                      
00002954  vTaskNotifyGiveFromISR                
00001ad0  vTaskPlaceOnEventList                 
00001b14  vTaskPlaceOnUnorderedEventList        
00000a20  vTaskPrioritySet                      
00000e20  vTaskResume                           
00001f94  vTaskSetThreadLocalStoragePointer     
00001d90  vTaskSetTimeOutState                  
00000fec  vTaskStartScheduler                   
0000166c  vTaskStepTick                         
00000c18  vTaskSuspend                          
000010a0  vTaskSuspendAll                       
000019f0  vTaskSwitchContext                    
0000ba24  vimChannelMap                         
0000bc20  vimDisableInterrupt                   
0000bac8  vimEnableInterrupt                    
0000bca4  vimGetConfigValue                     
0000b950  vimInit                               
00008e00  vimParityCheck                        
0000d6c0  vimParityErrorHandler                 
00004268  xEventGroupClearBits                  
00003dd8  xEventGroupCreate                     
000042ec  xEventGroupGetBitsFromISR             
0000431c  xEventGroupSetBits                    
00003e14  xEventGroupSync                       
00004014  xEventGroupWaitBits                   
000050b0  xPortGetFreeHeapSize                  
000050bc  xPortGetMinimumEverFreeHeapSize       
00004958  xPortStartScheduler                   
00002d24  xQueueGenericCreate                   
000033fc  xQueueGenericReceive                  
00002bfc  xQueueGenericReset                    
00002e40  xQueueGenericSend                     
00003100  xQueueGenericSendFromISR              
00003290  xQueueGiveFromISR                     
00003cfc  xQueueIsQueueEmptyFromISR             
00003d88  xQueueIsQueueFullFromISR              
0000381c  xQueuePeekFromISR                     
000036d4  xQueueReceiveFromISR                  
08003020  xTask1Handle                          
000016c8  xTaskAbortDelay                       
00001dd0  xTaskCheckForTimeOut                  
000000fc  xTaskCreate                           
00000020  xTaskCreateRestricted                 
00002580  xTaskGenericNotify                    
00002754  xTaskGenericNotifyFromISR             
0000152c  xTaskGetHandle                        
00001634  xTaskGetIdleTaskHandle                
00002304  xTaskGetSchedulerState                
00001308  xTaskGetTickCount                     
00001324  xTaskGetTickCountFromISR              
000017c8  xTaskIncrementTick                    
0000e198  xTaskNotifyStateClear                 
00002468  xTaskNotifyWait                       
00001b98  xTaskRemoveFromEventList              
00001c88  xTaskRemoveFromUnorderedEventList     
00001158  xTaskResumeAll                        
00000f04  xTaskResumeFromISR                    


GLOBAL SYMBOLS: SORTED BY Symbol Address 

address   name                                  
-------   ----                                  
00000000  __TI_static_base__                    
00000000  resetEntry                            
00000020  xTaskCreateRestricted                 
000000fc  xTaskCreate                           
00000538  vTaskDelete                           
000006a0  vTaskDelayUntil                       
0000080c  vTaskDelay                            
00000890  eTaskGetState                         
00000994  uxTaskPriorityGet                     
000009d8  uxTaskPriorityGetFromISR              
00000a20  vTaskPrioritySet                      
00000c18  vTaskSuspend                          
00000e20  vTaskResume                           
00000f04  xTaskResumeFromISR                    
00000fec  vTaskStartScheduler                   
00001084  vTaskEndScheduler                     
000010a0  vTaskSuspendAll                       
00001158  xTaskResumeAll                        
00001308  xTaskGetTickCount                     
00001324  xTaskGetTickCountFromISR              
00001348  uxTaskGetNumberOfTasks                
00001354  pcTaskGetName                         
0000152c  xTaskGetHandle                        
00001634  xTaskGetIdleTaskHandle                
0000166c  vTaskStepTick                         
000016c8  xTaskAbortDelay                       
000017c8  xTaskIncrementTick                    
000019f0  vTaskSwitchContext                    
00001ad0  vTaskPlaceOnEventList                 
00001b14  vTaskPlaceOnUnorderedEventList        
00001b98  xTaskRemoveFromEventList              
00001c88  xTaskRemoveFromUnorderedEventList     
00001d90  vTaskSetTimeOutState                  
00001dd0  xTaskCheckForTimeOut                  
00001f08  vTaskMissedYield                      
00001f18  eTaskConfirmSleepModeStatus           
00001f94  vTaskSetThreadLocalStoragePointer     
00001ff8  pvTaskGetThreadLocalStoragePointer    
00002064  vTaskAllocateMPURegions               
0000223c  uxTaskGetStackHighWaterMark           
00002304  xTaskGetSchedulerState                
00002354  uxTaskResetEventItemValue             
00002390  ulTaskNotifyTake                      
00002468  xTaskNotifyWait                       
00002580  xTaskGenericNotify                    
00002754  xTaskGenericNotifyFromISR             
00002954  vTaskNotifyGiveFromISR                
00002bfc  xQueueGenericReset                    
00002d24  xQueueGenericCreate                   
00002e40  xQueueGenericSend                     
00003100  xQueueGenericSendFromISR              
00003290  xQueueGiveFromISR                     
000033fc  xQueueGenericReceive                  
000036d4  xQueueReceiveFromISR                  
0000381c  xQueuePeekFromISR                     
00003910  uxQueueMessagesWaiting                
00003948  uxQueueSpacesAvailable                
00003994  uxQueueMessagesWaitingFromISR         
000039c4  vQueueDelete                          
00003cfc  xQueueIsQueueEmptyFromISR             
00003d88  xQueueIsQueueFullFromISR              
00003dd8  xEventGroupCreate                     
00003e14  xEventGroupSync                       
00004014  xEventGroupWaitBits                   
00004268  xEventGroupClearBits                  
000042ec  xEventGroupGetBitsFromISR             
0000431c  xEventGroupSetBits                    
000044cc  vEventGroupDelete                     
00004550  vEventGroupSetBitsCallback            
0000456c  vEventGroupClearBitsCallback          
000045f4  pxPortInitialiseStack                 
000046e4  vPortStoreTaskMPUSettings             
00004958  xPortStartScheduler                   
0000497c  vPortEndScheduler                     
000049b4  vPortStartFirstTask                   
00004a24  vPortYieldProcessor                   
00004ad0  vPortYeildWithinAPI                   
00004b84  vPortPreemptiveTick                   
00004c44  ulPortCountLeadingZeros               
00004c4c  vPortSWI                              
00004d08  prvMpuSetRegion                       
00004d20  prvMpuEnable                          
00004d38  prvMpuDisable                         
00004d60  pvPortMalloc                          
00004fb8  vPortFree                             
000050b0  xPortGetFreeHeapSize                  
000050bc  xPortGetMinimumEverFreeHeapSize       
000050c8  vPortInitialiseBlocks                 
000050e0  __TI_Handler_Table_Base               
000050ec  __TI_Handler_Table_Limit              
00005110  __TI_CINIT_Base                       
00005130  __TI_CINIT_Limit                      
00008020  selftestFailNotification              
00008030  ccmSelfCheck                          
00008174  memoryInit                            
000081b8  stcSelfCheck                          
00008234  cpuSelfTest                           
000082cc  pbistSelfCheck                        
000084ac  pbistRun                              
00008578  pbistStop                             
000085a8  pbistIsTestCompleted                  
000085d4  pbistIsTestPassed                     
00008608  pbistPortTestStatus                   
00008660  efcCheck                              
000086e8  efcStuckZeroTest                      
00008794  efcSelfTest                           
000087bc  checkefcSelfTest                      
0000885c  fmcBus2Check                          
00008898  fmcECCcheck                           
00008938  checkB0RAMECC                         
00008b28  checkB1RAMECC                         
00008d18  checkFlashECC                         
00008df4  custom_dabort                         
00008df8  stcSelfCheckFail                      
00008dfc  cpuSelfTestFail                       
00008e00  vimParityCheck                        
00008eac  het1ParityCheck                       
00008f4c  htu1ParityCheck                       
00009004  adc1ParityCheck                       
000090bc  can1ParityCheck                       
00009198  can2ParityCheck                       
00009260  mibspi1ParityCheck                    
000093bc  checkRAMECC                           
00009604  checkClockMonitor                     
000096d8  checkFlashEEPROMECC                   
00009880  checkPLL1Slip                         
0000999c  checkRAMAddrParity                    
00009aa4  checkRAMUERRTest                      
00009c00  fmcBus1ParityCheck                    
00009d2c  pbistFail                             
00009db0  pbistGetConfigValue                   
00009ef8  stcGetConfigValue                     
00009f98  efcGetConfigValue                     
0000a034  ccmr4GetConfigValue                   
0000a0b0  errata_PBIST_4                        
0000a3d0  enableParity                          
0000a424  disableParity                         
0000a510  setupPLL                              
0000a560  trimLPO                               
0000a5d4  setupFlash                            
0000a614  periphInit                            
0000a668  mapClocks                             
0000a74c  systemInit                            
0000a818  systemPowerDown                       
0000a848  systemGetConfigValue                  
0000ac08  tcmflashGetConfigValue                
0000adb4  sramGetConfigValue                    
0000aef0  customTrimLPO                         
0000afb0  MPU_xTaskCreate                       
0000b014  MPU_xTaskCreateRestricted             
0000b058  MPU_vTaskAllocateMPURegions           
0000b08c  MPU_vTaskDelete                       
0000b0b8  MPU_vTaskDelay                        
0000b0e4  MPU_vTaskDelayUntil                   
0000b118  MPU_xTaskAbortDelay                   
0000b14c  MPU_uxTaskPriorityGet                 
0000b180  MPU_eTaskGetState                     
0000b1b4  MPU_vTaskPrioritySet                  
0000b1e8  MPU_vTaskSuspend                      
0000b214  MPU_vTaskResume                       
0000b240  MPU_vTaskSuspendAll                   
0000b264  MPU_xTaskResumeAll                    
0000b290  MPU_xTaskGetTickCount                 
0000b2bc  MPU_uxTaskGetNumberOfTasks            
0000b2e8  MPU_pcTaskGetName                     
0000b31c  MPU_xTaskGetHandle                    
0000b350  MPU_uxTaskGetStackHighWaterMark       
0000b384  MPU_vTaskSetThreadLocalStoragePointer 
0000b3c8  MPU_pvTaskGetThreadLocalStoragePointer
0000b40c  MPU_xTaskGetIdleTaskHandle            
0000b438  MPU_xTaskGenericNotify                
0000b48c  MPU_xTaskNotifyWait                   
0000b4e0  MPU_ulTaskNotifyTake                  
0000b524  MPU_xTaskNotifyStateClear             
0000b558  MPU_vTaskSetTimeOutState              
0000b584  MPU_xTaskCheckForTimeOut              
0000b5c8  MPU_xTaskGetSchedulerState            
0000b5f4  MPU_xQueueGenericSend                 
0000b648  MPU_xQueueGenericReceive              
0000b69c  MPU_uxQueueMessagesWaiting            
0000b6d0  MPU_uxQueueSpacesAvailable            
0000b704  MPU_vQueueDelete                      
0000b730  MPU_xQueueGenericCreate               
0000b77c  MPU_xQueueGenericReset                
0000b7c0  MPU_xEventGroupCreate                 
0000b7ec  MPU_xEventGroupWaitBits               
0000b848  MPU_xEventGroupClearBits              
0000b88c  MPU_xEventGroupSetBits                
0000b8d0  MPU_xEventGroupSync                   
0000b924  MPU_vEventGroupDelete                 
0000b950  vimInit                               
0000ba24  vimChannelMap                         
0000bac8  vimEnableInterrupt                    
0000bc20  vimDisableInterrupt                   
0000bca4  vimGetConfigValue                     
0000c1ec  _errata_SSWF021_45_both_plls          
0000c3e0  _errata_SSWF021_45_pll1               
0000c558  _errata_SSWF021_45_pll2               
0000c850  esmInit                               
0000c958  esmError                              
0000c974  esmEnableError                        
0000c99c  esmDisableError                       
0000c9c4  esmTriggerErrorPinReset               
0000c9d4  esmActivateNormalOperation            
0000c9e4  esmEnableInterrupt                    
0000ca0c  esmDisableInterrupt                   
0000ca34  esmSetInterruptLevel                  
0000caa8  esmClearStatus                        
0000cae8  esmClearStatusBuffer                  
0000cb04  esmSetCounterPreloadValue             
0000cb24  esmGetStatus                          
0000cba8  esmGetStatusBuffer                    
0000cbe0  esmEnterSelfTest                      
0000cc68  esmSelfTestStatus                     
0000ccb8  esmGetConfigValue                     
0000ce0c  gioInit                               
0000cea0  gioSetDirection                       
0000cec0  gioSetBit                             
0000cf10  gioSetPort                            
0000cf30  gioGetBit                             
0000cf58  gioGetPort                            
0000cf70  gioToggleBit                          
0000cfc8  gioEnableNotification                 
0000d004  gioDisableNotification                
0000d040  gioGetConfigValue                     
0000d178  _coreInitRegisters_                   
0000d230  _coreInitStackPointer_                
0000d27c  _getCPSRValue_                        
0000d284  _gotoCPUIdle_                         
0000d29c  _coreEnableEventBusExport_            
0000d2ac  _coreDisableEventBusExport_           
0000d2bc  _coreEnableRamEcc_                    
0000d2cc  _coreDisableRamEcc_                   
0000d2dc  _coreEnableFlashEcc_                  
0000d2f0  _coreDisableFlashEcc_                 
0000d300  _coreEnableIrqVicOffset_              
0000d310  _coreGetDataFault_                    
0000d318  _coreClearDataFault_                  
0000d324  _coreGetInstructionFault_             
0000d32c  _coreClearInstructionFault_           
0000d338  _coreGetDataFaultAddress_             
0000d340  _coreClearDataFaultAddress_           
0000d34c  _coreGetInstructionFaultAddress_      
0000d354  _coreClearInstructionFaultAddress_    
0000d360  _coreGetAuxiliaryDataFault_           
0000d368  _coreClearAuxiliaryDataFault_         
0000d374  _coreGetAuxiliaryInstructionFault_    
0000d37c  _coreClearAuxiliaryInstructionFault_  
0000d388  _disable_interrupt_                   
0000d390  _disable_FIQ_interrupt_               
0000d398  _disable_IRQ_interrupt_               
0000d3a0  _enable_interrupt_                    
0000d3a8  _esmCcmErrorsClear_                   
0000d430  _errata_CORTEXR4_66_                  
0000d440  __TI_PINIT_Base                       
0000d444  __TI_PINIT_Limit                      
0000d6c0  vimParityErrorHandler                 
0000d928  vListInitialise                       
0000d980  vListInitialiseItem                   
0000d99c  vListInsertEnd                        
0000da10  vListInsert                           
0000dad4  uxListRemove                          
0000db60  _c_int00                              
0000df30  __aeabi_memcpy                        
0000df30  __aeabi_memcpy4                       
0000df30  __aeabi_memcpy8                       
0000df30  memcpy                                
0000e198  xTaskNotifyStateClear                 
0000e214  muxInit                               
0000e29c  pinmuxGetConfigValue                  
0000e364  esmHighInterrupt                      
0000e450  _dabort                               
0000e538  _pmuInit_                             
0000e584  _pmuEnableCountersGlobal_             
0000e594  _pmuDisableCountersGlobal_            
0000e5a4  _pmuResetCycleCounter_                
0000e5b4  _pmuResetEventCounters_               
0000e5c4  _pmuResetCounters_                    
0000e5d4  _pmuStartCounters_                    
0000e5dc  _pmuStopCounters_                     
0000e5e4  _pmuSetCountEvent_                    
0000e5f0  _pmuGetCycleCount_                    
0000e5f8  _pmuGetEventCount_                    
0000e604  _pmuGetOverflow_                      
0000e618  __aeabi_memclr                        
0000e618  __aeabi_memclr4                       
0000e618  __aeabi_memclr8                       
0000e61c  __aeabi_memset                        
0000e61c  __aeabi_memset4                       
0000e61c  __aeabi_memset8                       
0000e628  memset                                
0000e6c8  __TI_decompress_lzss                  
0000e758  vTask1                                
0000e77c  main                                  
0000e7d8  esmGroup1Notification                 
0000e7e8  esmGroup2Notification                 
0000e7f8  memoryPort0TestFailNotification       
0000e814  memoryPort1TestFailNotification       
0000e830  gioNotification                       
0000e844  __TI_auto_init_nobinit_nopinit        
0000e8ac  strlen                                
0000e8cc  __TI_decompress_none                  
0000e8e0  __TI_zero_init                        
0000e8f0  C$$EXIT                               
0000e8f0  abort                                 
0000e8f8  phantomInterrupt                      
0000e8fc  handlePLLLockFail                     
08000920  pxCurrentTCB                          
08003010  ulCriticalNesting                     
08003014  ulTaskHasFPUContext                   
08003020  xTask1Handle                          
ffffffff  __TI_pprof_out_hndl                   
ffffffff  __TI_prof_data_size                   
ffffffff  __TI_prof_data_start                  
ffffffff  __binit__                             
ffffffff  __c_args__                            
ffffffff  binit                                 
UNDEFED   SHT$$INIT_ARRAY$$Base                 
UNDEFED   SHT$$INIT_ARRAY$$Limit                
UNDEFED   _system_post_cinit                    

[320 symbols]
