<?xml version="1.0" encoding="ISO-8859-1" ?>
<link_info>
   <banner>TI ARM Linker PC v18.12.4.LTS</banner>
   <copyright>Copyright (c) 1996-2018 Texas Instruments Incorporated</copyright>
   <link_time>0x6023d864</link_time>
   <link_errors>0x0</link_errors>
   <output_file>TMS570 free RTOS blinky.out</output_file>
   <entry_point>
      <name>_c_int00</name>
      <address>0xdb60</address>
   </entry_point>
   <input_file_list>
      <input_file id="fl-2">
         <path>.\source\</path>
         <kind>object</kind>
         <file>dabort.obj</file>
         <name>dabort.obj</name>
      </input_file>
      <input_file id="fl-3">
         <path>.\source\</path>
         <kind>object</kind>
         <file>errata_SSWF021_45.obj</file>
         <name>errata_SSWF021_45.obj</name>
      </input_file>
      <input_file id="fl-4">
         <path>.\source\</path>
         <kind>object</kind>
         <file>esm.obj</file>
         <name>esm.obj</name>
      </input_file>
      <input_file id="fl-5">
         <path>.\source\</path>
         <kind>object</kind>
         <file>gio.obj</file>
         <name>gio.obj</name>
      </input_file>
      <input_file id="fl-6">
         <path>.\source\</path>
         <kind>object</kind>
         <file>notification.obj</file>
         <name>notification.obj</name>
      </input_file>
      <input_file id="fl-7">
         <path>.\source\</path>
         <kind>object</kind>
         <file>os_croutine.obj</file>
         <name>os_croutine.obj</name>
      </input_file>
      <input_file id="fl-8">
         <path>.\source\</path>
         <kind>object</kind>
         <file>os_event_groups.obj</file>
         <name>os_event_groups.obj</name>
      </input_file>
      <input_file id="fl-9">
         <path>.\source\</path>
         <kind>object</kind>
         <file>os_heap.obj</file>
         <name>os_heap.obj</name>
      </input_file>
      <input_file id="fl-a">
         <path>.\source\</path>
         <kind>object</kind>
         <file>os_list.obj</file>
         <name>os_list.obj</name>
      </input_file>
      <input_file id="fl-b">
         <path>.\source\</path>
         <kind>object</kind>
         <file>os_mpu_wrappers.obj</file>
         <name>os_mpu_wrappers.obj</name>
      </input_file>
      <input_file id="fl-c">
         <path>.\source\</path>
         <kind>object</kind>
         <file>os_port.obj</file>
         <name>os_port.obj</name>
      </input_file>
      <input_file id="fl-d">
         <path>.\source\</path>
         <kind>object</kind>
         <file>os_portasm.obj</file>
         <name>os_portasm.obj</name>
      </input_file>
      <input_file id="fl-e">
         <path>.\source\</path>
         <kind>object</kind>
         <file>os_queue.obj</file>
         <name>os_queue.obj</name>
      </input_file>
      <input_file id="fl-f">
         <path>.\source\</path>
         <kind>object</kind>
         <file>os_tasks.obj</file>
         <name>os_tasks.obj</name>
      </input_file>
      <input_file id="fl-10">
         <path>.\source\</path>
         <kind>object</kind>
         <file>os_timer.obj</file>
         <name>os_timer.obj</name>
      </input_file>
      <input_file id="fl-11">
         <path>.\source\</path>
         <kind>object</kind>
         <file>pinmux.obj</file>
         <name>pinmux.obj</name>
      </input_file>
      <input_file id="fl-12">
         <path>.\source\</path>
         <kind>object</kind>
         <file>sys_core.obj</file>
         <name>sys_core.obj</name>
      </input_file>
      <input_file id="fl-13">
         <path>.\source\</path>
         <kind>object</kind>
         <file>sys_intvecs.obj</file>
         <name>sys_intvecs.obj</name>
      </input_file>
      <input_file id="fl-14">
         <path>.\source\</path>
         <kind>object</kind>
         <file>sys_main.obj</file>
         <name>sys_main.obj</name>
      </input_file>
      <input_file id="fl-15">
         <path>.\source\</path>
         <kind>object</kind>
         <file>sys_mpu.obj</file>
         <name>sys_mpu.obj</name>
      </input_file>
      <input_file id="fl-16">
         <path>.\source\</path>
         <kind>object</kind>
         <file>sys_pcr.obj</file>
         <name>sys_pcr.obj</name>
      </input_file>
      <input_file id="fl-17">
         <path>.\source\</path>
         <kind>object</kind>
         <file>sys_phantom.obj</file>
         <name>sys_phantom.obj</name>
      </input_file>
      <input_file id="fl-18">
         <path>.\source\</path>
         <kind>object</kind>
         <file>sys_pmu.obj</file>
         <name>sys_pmu.obj</name>
      </input_file>
      <input_file id="fl-19">
         <path>.\source\</path>
         <kind>object</kind>
         <file>sys_selftest.obj</file>
         <name>sys_selftest.obj</name>
      </input_file>
      <input_file id="fl-1a">
         <path>.\source\</path>
         <kind>object</kind>
         <file>sys_startup.obj</file>
         <name>sys_startup.obj</name>
      </input_file>
      <input_file id="fl-1b">
         <path>.\source\</path>
         <kind>object</kind>
         <file>sys_vim.obj</file>
         <name>sys_vim.obj</name>
      </input_file>
      <input_file id="fl-1c">
         <path>.\source\</path>
         <kind>object</kind>
         <file>system.obj</file>
         <name>system.obj</name>
      </input_file>
      <input_file id="fl-20">
         <kind>object</kind>
         <file>&lt;internal&gt;</file>
         <name>&lt;internal&gt;</name>
      </input_file>
      <input_file id="fl-d6">
         <path>C:\ti\ccs930\ccs\tools\compiler\ti-cgt-arm_18.12.4.LTS\lib\</path>
         <kind>archive</kind>
         <file>rtsv7R4_A_be_eabi.lib</file>
         <name>memset32.asm.obj</name>
      </input_file>
      <input_file id="fl-d7">
         <path>C:\ti\ccs930\ccs\tools\compiler\ti-cgt-arm_18.12.4.LTS\lib\</path>
         <kind>archive</kind>
         <file>rtsv7R4_A_be_eabi.lib</file>
         <name>memcpy32.asm.obj</name>
      </input_file>
      <input_file id="fl-d8">
         <path>C:\ti\ccs930\ccs\tools\compiler\ti-cgt-arm_18.12.4.LTS\lib\</path>
         <kind>archive</kind>
         <file>rtsv7R4_A_be_eabi.lib</file>
         <name>autoinit.c.obj</name>
      </input_file>
      <input_file id="fl-d9">
         <path>C:\ti\ccs930\ccs\tools\compiler\ti-cgt-arm_18.12.4.LTS\lib\</path>
         <kind>archive</kind>
         <file>rtsv7R4_A_be_eabi.lib</file>
         <name>cpy_tbl.c.obj</name>
      </input_file>
      <input_file id="fl-da">
         <path>C:\ti\ccs930\ccs\tools\compiler\ti-cgt-arm_18.12.4.LTS\lib\</path>
         <kind>archive</kind>
         <file>rtsv7R4_A_be_eabi.lib</file>
         <name>copy_zero_init.c.obj</name>
      </input_file>
      <input_file id="fl-db">
         <path>C:\ti\ccs930\ccs\tools\compiler\ti-cgt-arm_18.12.4.LTS\lib\</path>
         <kind>archive</kind>
         <file>rtsv7R4_A_be_eabi.lib</file>
         <name>copy_decompress_none.c.obj</name>
      </input_file>
      <input_file id="fl-dc">
         <path>C:\ti\ccs930\ccs\tools\compiler\ti-cgt-arm_18.12.4.LTS\lib\</path>
         <kind>archive</kind>
         <file>rtsv7R4_A_be_eabi.lib</file>
         <name>copy_decompress_lzss.c.obj</name>
      </input_file>
      <input_file id="fl-dd">
         <path>C:\ti\ccs930\ccs\tools\compiler\ti-cgt-arm_18.12.4.LTS\lib\</path>
         <kind>archive</kind>
         <file>rtsv7R4_A_be_eabi.lib</file>
         <name>exit.c.obj</name>
      </input_file>
      <input_file id="fl-de">
         <path>C:\ti\ccs930\ccs\tools\compiler\ti-cgt-arm_18.12.4.LTS\lib\</path>
         <kind>archive</kind>
         <file>rtsv7R4_A_be_eabi.lib</file>
         <name>_lock.c.obj</name>
      </input_file>
      <input_file id="fl-df">
         <path>C:\ti\ccs930\ccs\tools\compiler\ti-cgt-arm_18.12.4.LTS\lib\</path>
         <kind>archive</kind>
         <file>rtsv7R4_A_be_eabi.lib</file>
         <name>strlen.c.obj</name>
      </input_file>
   </input_file_list>
   <object_component_list>
      <object_component id="oc-2a">
         <name>.intvecs</name>
         <load_address>0x0</load_address>
         <run_address>0x0</run_address>
         <size>0x20</size>
         <input_file_ref idref="fl-13"/>
      </object_component>
      <object_component id="oc-131">
         <name>.kernelTEXT</name>
         <load_address>0x20</load_address>
         <run_address>0x20</run_address>
         <size>0x2bdc</size>
         <input_file_ref idref="fl-f"/>
      </object_component>
      <object_component id="oc-1ec">
         <name>.kernelTEXT</name>
         <load_address>0x2bfc</load_address>
         <run_address>0x2bfc</run_address>
         <size>0x11dc</size>
         <input_file_ref idref="fl-e"/>
      </object_component>
      <object_component id="oc-1f2">
         <name>.kernelTEXT</name>
         <load_address>0x3dd8</load_address>
         <run_address>0x3dd8</run_address>
         <size>0x81c</size>
         <input_file_ref idref="fl-8"/>
      </object_component>
      <object_component id="oc-21f">
         <name>.kernelTEXT</name>
         <load_address>0x45f4</load_address>
         <run_address>0x45f4</run_address>
         <size>0x3bc</size>
         <input_file_ref idref="fl-c"/>
      </object_component>
      <object_component id="oc-9c">
         <name>.kernelTEXT</name>
         <load_address>0x49b0</load_address>
         <run_address>0x49b0</run_address>
         <size>0x3b0</size>
         <input_file_ref idref="fl-d"/>
      </object_component>
      <object_component id="oc-213">
         <name>.kernelTEXT</name>
         <load_address>0x4d60</load_address>
         <run_address>0x4d60</run_address>
         <size>0x380</size>
         <input_file_ref idref="fl-9"/>
      </object_component>
      <object_component id="oc-31f">
         <name>__TI_handler_table</name>
         <load_address>0x50e0</load_address>
         <run_address>0x50e0</run_address>
         <size>0xc</size>
      </object_component>
      <object_component id="oc-324">
         <name>.cinit..data.load</name>
         <load_address>0x50ec</load_address>
         <run_address>0x50ec</run_address>
         <size>0xb</size>
      </object_component>
      <object_component id="oc-321">
         <name>.cinit..kernelBSS.load</name>
         <load_address>0x50f7</load_address>
         <run_address>0x50f7</run_address>
         <size>0x9</size>
      </object_component>
      <object_component id="oc-323">
         <name>.cinit..bss.load</name>
         <load_address>0x5100</load_address>
         <run_address>0x5100</run_address>
         <size>0x8</size>
      </object_component>
      <object_component id="oc-322">
         <name>.cinit..kernelHEAP.load</name>
         <load_address>0x5108</load_address>
         <run_address>0x5108</run_address>
         <size>0x8</size>
      </object_component>
      <object_component id="oc-320">
         <name>__TI_cinit_table</name>
         <load_address>0x5110</load_address>
         <run_address>0x5110</run_address>
         <size>0x20</size>
      </object_component>
      <object_component id="oc-7b">
         <name>.text</name>
         <load_address>0x8020</load_address>
         <run_address>0x8020</run_address>
         <size>0x24f0</size>
         <input_file_ref idref="fl-19"/>
      </object_component>
      <object_component id="oc-75">
         <name>.text</name>
         <load_address>0xa510</load_address>
         <run_address>0xa510</run_address>
         <size>0xaa0</size>
         <input_file_ref idref="fl-1c"/>
      </object_component>
      <object_component id="oc-12b">
         <name>.text</name>
         <load_address>0xafb0</load_address>
         <run_address>0xafb0</run_address>
         <size>0x9a0</size>
         <input_file_ref idref="fl-b"/>
      </object_component>
      <object_component id="oc-36">
         <name>.text</name>
         <load_address>0xb950</load_address>
         <run_address>0xb950</run_address>
         <size>0x89c</size>
         <input_file_ref idref="fl-1b"/>
      </object_component>
      <object_component id="oc-69">
         <name>.text</name>
         <load_address>0xc1ec</load_address>
         <run_address>0xc1ec</run_address>
         <size>0x664</size>
         <input_file_ref idref="fl-3"/>
      </object_component>
      <object_component id="oc-81">
         <name>.text</name>
         <load_address>0xc850</load_address>
         <run_address>0xc850</run_address>
         <size>0x5bc</size>
         <input_file_ref idref="fl-4"/>
      </object_component>
      <object_component id="oc-125">
         <name>.text</name>
         <load_address>0xce0c</load_address>
         <run_address>0xce0c</run_address>
         <size>0x36c</size>
         <input_file_ref idref="fl-5"/>
      </object_component>
      <object_component id="oc-64">
         <name>.text</name>
         <load_address>0xd178</load_address>
         <run_address>0xd178</run_address>
         <size>0x2d0</size>
         <input_file_ref idref="fl-12"/>
      </object_component>
      <object_component id="oc-287">
         <name>.text</name>
         <load_address>0xd448</load_address>
         <run_address>0xd448</run_address>
         <size>0x278</size>
         <input_file_ref idref="fl-9"/>
      </object_component>
      <object_component id="oc-35">
         <name>.text:retain</name>
         <load_address>0xd6c0</load_address>
         <run_address>0xd6c0</run_address>
         <size>0x268</size>
         <input_file_ref idref="fl-1b"/>
      </object_component>
      <object_component id="oc-219">
         <name>.text</name>
         <load_address>0xd928</load_address>
         <run_address>0xd928</run_address>
         <size>0x238</size>
         <input_file_ref idref="fl-a"/>
      </object_component>
      <object_component id="oc-1b">
         <name>.text:retain</name>
         <load_address>0xdb60</load_address>
         <run_address>0xdb60</run_address>
         <size>0x21c</size>
         <input_file_ref idref="fl-1a"/>
      </object_component>
      <object_component id="oc-297">
         <name>.text</name>
         <load_address>0xdd7c</load_address>
         <run_address>0xdd7c</run_address>
         <size>0x1b4</size>
         <input_file_ref idref="fl-c"/>
      </object_component>
      <object_component id="oc-4c">
         <name>.text</name>
         <load_address>0xdf30</load_address>
         <run_address>0xdf30</run_address>
         <size>0x180</size>
         <input_file_ref idref="fl-d7"/>
      </object_component>
      <object_component id="oc-1e6">
         <name>.text</name>
         <load_address>0xe0b0</load_address>
         <run_address>0xe0b0</run_address>
         <size>0x164</size>
         <input_file_ref idref="fl-f"/>
      </object_component>
      <object_component id="oc-df">
         <name>.text</name>
         <load_address>0xe214</load_address>
         <run_address>0xe214</run_address>
         <size>0x150</size>
         <input_file_ref idref="fl-11"/>
      </object_component>
      <object_component id="oc-21">
         <name>.text:retain</name>
         <load_address>0xe364</load_address>
         <run_address>0xe364</run_address>
         <size>0xec</size>
         <input_file_ref idref="fl-4"/>
      </object_component>
      <object_component id="oc-a4">
         <name>.text</name>
         <load_address>0xe450</load_address>
         <run_address>0xe450</run_address>
         <size>0xe8</size>
         <input_file_ref idref="fl-2"/>
      </object_component>
      <object_component id="oc-e7">
         <name>.text</name>
         <load_address>0xe538</load_address>
         <run_address>0xe538</run_address>
         <size>0xe0</size>
         <input_file_ref idref="fl-18"/>
      </object_component>
      <object_component id="oc-d1">
         <name>.text</name>
         <load_address>0xe618</load_address>
         <run_address>0xe618</run_address>
         <size>0xb0</size>
         <input_file_ref idref="fl-d6"/>
      </object_component>
      <object_component id="oc-e">
         <name>.text:decompress:lzss:__TI_decompress_lzss</name>
         <load_address>0xe6c8</load_address>
         <run_address>0xe6c8</run_address>
         <size>0x90</size>
         <input_file_ref idref="fl-dc"/>
      </object_component>
      <object_component id="oc-88">
         <name>.text</name>
         <load_address>0xe758</load_address>
         <run_address>0xe758</run_address>
         <size>0x80</size>
         <input_file_ref idref="fl-14"/>
      </object_component>
      <object_component id="oc-90">
         <name>.text</name>
         <load_address>0xe7d8</load_address>
         <run_address>0xe7d8</run_address>
         <size>0x6c</size>
         <input_file_ref idref="fl-6"/>
      </object_component>
      <object_component id="oc-f5">
         <name>.text:__TI_auto_init_nobinit_nopinit:__TI_auto_init_nobinit_nopinit</name>
         <load_address>0xe844</load_address>
         <run_address>0xe844</run_address>
         <size>0x68</size>
         <input_file_ref idref="fl-d8"/>
      </object_component>
      <object_component id="oc-228">
         <name>.text:strlen</name>
         <load_address>0xe8ac</load_address>
         <run_address>0xe8ac</run_address>
         <size>0x20</size>
         <input_file_ref idref="fl-df"/>
      </object_component>
      <object_component id="oc-14">
         <name>.text:decompress:none:__TI_decompress_none</name>
         <load_address>0xe8cc</load_address>
         <run_address>0xe8cc</run_address>
         <size>0x14</size>
         <input_file_ref idref="fl-db"/>
      </object_component>
      <object_component id="oc-5e">
         <name>.text:decompress:ZI:__TI_zero_init</name>
         <load_address>0xe8e0</load_address>
         <run_address>0xe8e0</run_address>
         <size>0x10</size>
         <input_file_ref idref="fl-da"/>
      </object_component>
      <object_component id="oc-13b">
         <name>.text:abort:abort</name>
         <load_address>0xe8f0</load_address>
         <run_address>0xe8f0</run_address>
         <size>0x8</size>
         <input_file_ref idref="fl-dd"/>
      </object_component>
      <object_component id="oc-2f">
         <name>.text:retain</name>
         <load_address>0xe8f8</load_address>
         <run_address>0xe8f8</run_address>
         <size>0x4</size>
         <input_file_ref idref="fl-17"/>
      </object_component>
      <object_component id="oc-6f">
         <name>.text</name>
         <load_address>0xe8fc</load_address>
         <run_address>0xe8fc</run_address>
         <size>0x4</size>
         <input_file_ref idref="fl-1a"/>
      </object_component>
      <object_component id="oc-27">
         <name>.const:s_vim_init</name>
         <load_address>0xe900</load_address>
         <run_address>0xe900</run_address>
         <size>0x180</size>
         <input_file_ref idref="fl-1b"/>
      </object_component>
      <object_component id="oc-14e">
         <name>.kernelBSS:init</name>
         <load_address>0x8000920</load_address>
         <run_address>0x8000920</run_address>
         <size>0x34</size>
         <input_file_ref idref="fl-f"/>
      </object_component>
      <object_component id="oc-225">
         <name>.kernelBSS:uninit</name>
         <load_address>0x8000800</load_address>
         <run_address>0x8000800</run_address>
         <size>0x120</size>
         <input_file_ref idref="fl-f"/>
      </object_component>
      <object_component id="oc-2e0">
         <name>.kernelHEAP</name>
         <uninitialized>true</uninitialized>
         <run_address>0x8001000</run_address>
         <size>0x2000</size>
         <input_file_ref idref="fl-9"/>
      </object_component>
      <object_component id="oc-290">
         <name>.bss:xStart</name>
         <uninitialized>true</uninitialized>
         <run_address>0x8003018</run_address>
         <size>0x8</size>
         <input_file_ref idref="fl-9"/>
      </object_component>
      <object_component id="oc-137">
         <name>.common:xTask1Handle</name>
         <uninitialized>true</uninitialized>
         <run_address>0x8003020</run_address>
         <size>0x4</size>
      </object_component>
      <object_component id="oc-28d">
         <name>.data</name>
         <load_address>0x8003000</load_address>
         <run_address>0x8003000</run_address>
         <size>0x10</size>
         <input_file_ref idref="fl-9"/>
      </object_component>
      <object_component id="oc-151">
         <name>.data</name>
         <load_address>0x8003010</load_address>
         <run_address>0x8003010</run_address>
         <size>0x8</size>
         <input_file_ref idref="fl-c"/>
      </object_component>
      <object_component id="oc-a5">
         <name>.debug_info</name>
         <load_address>0x0</load_address>
         <run_address>0x0</run_address>
         <size>0x103</size>
         <input_file_ref idref="fl-2"/>
      </object_component>
      <object_component id="oc-18f">
         <name>.debug_info</name>
         <load_address>0x103</load_address>
         <run_address>0x103</run_address>
         <size>0x194</size>
         <input_file_ref idref="fl-3"/>
      </object_component>
      <object_component id="oc-6a">
         <name>.debug_info</name>
         <load_address>0x297</load_address>
         <run_address>0x297</run_address>
         <size>0x643</size>
         <input_file_ref idref="fl-3"/>
      </object_component>
      <object_component id="oc-47">
         <name>.debug_info</name>
         <load_address>0x8da</load_address>
         <run_address>0x8da</run_address>
         <size>0x84</size>
         <input_file_ref idref="fl-3"/>
      </object_component>
      <object_component id="oc-d9">
         <name>.debug_info</name>
         <load_address>0x95e</load_address>
         <run_address>0x95e</run_address>
         <size>0x9e7</size>
         <input_file_ref idref="fl-3"/>
      </object_component>
      <object_component id="oc-f4">
         <name>.debug_info</name>
         <load_address>0x1345</load_address>
         <run_address>0x1345</run_address>
         <size>0x1ec</size>
         <input_file_ref idref="fl-4"/>
      </object_component>
      <object_component id="oc-84">
         <name>.debug_info</name>
         <load_address>0x1531</load_address>
         <run_address>0x1531</run_address>
         <size>0xb2f</size>
         <input_file_ref idref="fl-4"/>
      </object_component>
      <object_component id="oc-24">
         <name>.debug_info</name>
         <load_address>0x2060</load_address>
         <run_address>0x2060</run_address>
         <size>0x18f</size>
         <input_file_ref idref="fl-4"/>
      </object_component>
      <object_component id="oc-157">
         <name>.debug_info</name>
         <load_address>0x21ef</load_address>
         <run_address>0x21ef</run_address>
         <size>0x26b</size>
         <input_file_ref idref="fl-4"/>
      </object_component>
      <object_component id="oc-97">
         <name>.debug_info</name>
         <load_address>0x245a</load_address>
         <run_address>0x245a</run_address>
         <size>0x157</size>
         <input_file_ref idref="fl-4"/>
      </object_component>
      <object_component id="oc-b1">
         <name>.debug_info</name>
         <load_address>0x25b1</load_address>
         <run_address>0x25b1</run_address>
         <size>0x8b</size>
         <input_file_ref idref="fl-4"/>
      </object_component>
      <object_component id="oc-ac">
         <name>.debug_info</name>
         <load_address>0x263c</load_address>
         <run_address>0x263c</run_address>
         <size>0x18c</size>
         <input_file_ref idref="fl-4"/>
      </object_component>
      <object_component id="oc-248">
         <name>.debug_info</name>
         <load_address>0x27c8</load_address>
         <run_address>0x27c8</run_address>
         <size>0x297</size>
         <input_file_ref idref="fl-4"/>
      </object_component>
      <object_component id="oc-149">
         <name>.debug_info</name>
         <load_address>0x2a5f</load_address>
         <run_address>0x2a5f</run_address>
         <size>0xbb</size>
         <input_file_ref idref="fl-4"/>
      </object_component>
      <object_component id="oc-b6">
         <name>.debug_info</name>
         <load_address>0x2b1a</load_address>
         <run_address>0x2b1a</run_address>
         <size>0x86</size>
         <input_file_ref idref="fl-4"/>
      </object_component>
      <object_component id="oc-15c">
         <name>.debug_info</name>
         <load_address>0x2ba0</load_address>
         <run_address>0x2ba0</run_address>
         <size>0x1de</size>
         <input_file_ref idref="fl-4"/>
      </object_component>
      <object_component id="oc-ef">
         <name>.debug_info</name>
         <load_address>0x2d7e</load_address>
         <run_address>0x2d7e</run_address>
         <size>0x129</size>
         <input_file_ref idref="fl-4"/>
      </object_component>
      <object_component id="oc-175">
         <name>.debug_info</name>
         <load_address>0x2ea7</load_address>
         <run_address>0x2ea7</run_address>
         <size>0x2cf</size>
         <input_file_ref idref="fl-4"/>
      </object_component>
      <object_component id="oc-1e5">
         <name>.debug_info</name>
         <load_address>0x3176</load_address>
         <run_address>0x3176</run_address>
         <size>0x16f</size>
         <input_file_ref idref="fl-5"/>
      </object_component>
      <object_component id="oc-127">
         <name>.debug_info</name>
         <load_address>0x32e5</load_address>
         <run_address>0x32e5</run_address>
         <size>0x6dc</size>
         <input_file_ref idref="fl-5"/>
      </object_component>
      <object_component id="oc-166">
         <name>.debug_info</name>
         <load_address>0x39c1</load_address>
         <run_address>0x39c1</run_address>
         <size>0x1f9</size>
         <input_file_ref idref="fl-5"/>
      </object_component>
      <object_component id="oc-270">
         <name>.debug_info</name>
         <load_address>0x3bba</load_address>
         <run_address>0x3bba</run_address>
         <size>0xda</size>
         <input_file_ref idref="fl-5"/>
      </object_component>
      <object_component id="oc-148">
         <name>.debug_info</name>
         <load_address>0x3c94</load_address>
         <run_address>0x3c94</run_address>
         <size>0x304</size>
         <input_file_ref idref="fl-6"/>
      </object_component>
      <object_component id="oc-91">
         <name>.debug_info</name>
         <load_address>0x3f98</load_address>
         <run_address>0x3f98</run_address>
         <size>0x58c</size>
         <input_file_ref idref="fl-6"/>
      </object_component>
      <object_component id="oc-194">
         <name>.debug_info</name>
         <load_address>0x4524</load_address>
         <run_address>0x4524</run_address>
         <size>0x791</size>
         <input_file_ref idref="fl-6"/>
      </object_component>
      <object_component id="oc-199">
         <name>.debug_info</name>
         <load_address>0x4cb5</load_address>
         <run_address>0x4cb5</run_address>
         <size>0x4de</size>
         <input_file_ref idref="fl-6"/>
      </object_component>
      <object_component id="oc-19e">
         <name>.debug_info</name>
         <load_address>0x5193</load_address>
         <run_address>0x5193</run_address>
         <size>0x3ce</size>
         <input_file_ref idref="fl-6"/>
      </object_component>
      <object_component id="oc-187">
         <name>.debug_info</name>
         <load_address>0x5561</load_address>
         <run_address>0x5561</run_address>
         <size>0x2c</size>
         <input_file_ref idref="fl-6"/>
      </object_component>
      <object_component id="oc-1a3">
         <name>.debug_info</name>
         <load_address>0x558d</load_address>
         <run_address>0x558d</run_address>
         <size>0x437</size>
         <input_file_ref idref="fl-6"/>
      </object_component>
      <object_component id="oc-1ce">
         <name>.debug_info</name>
         <load_address>0x59c4</load_address>
         <run_address>0x59c4</run_address>
         <size>0x37b</size>
         <input_file_ref idref="fl-6"/>
      </object_component>
      <object_component id="oc-1a8">
         <name>.debug_info</name>
         <load_address>0x5d3f</load_address>
         <run_address>0x5d3f</run_address>
         <size>0x1ca</size>
         <input_file_ref idref="fl-6"/>
      </object_component>
      <object_component id="oc-161">
         <name>.debug_info</name>
         <load_address>0x5f09</load_address>
         <run_address>0x5f09</run_address>
         <size>0x435</size>
         <input_file_ref idref="fl-6"/>
      </object_component>
      <object_component id="oc-1c1">
         <name>.debug_info</name>
         <load_address>0x633e</load_address>
         <run_address>0x633e</run_address>
         <size>0x510</size>
         <input_file_ref idref="fl-6"/>
      </object_component>
      <object_component id="oc-1ad">
         <name>.debug_info</name>
         <load_address>0x684e</load_address>
         <run_address>0x684e</run_address>
         <size>0x3d3</size>
         <input_file_ref idref="fl-6"/>
      </object_component>
      <object_component id="oc-1b7">
         <name>.debug_info</name>
         <load_address>0x6c21</load_address>
         <run_address>0x6c21</run_address>
         <size>0x1de</size>
         <input_file_ref idref="fl-6"/>
      </object_component>
      <object_component id="oc-1c6">
         <name>.debug_info</name>
         <load_address>0x6dff</load_address>
         <run_address>0x6dff</run_address>
         <size>0x17a</size>
         <input_file_ref idref="fl-6"/>
      </object_component>
      <object_component id="oc-16b">
         <name>.debug_info</name>
         <load_address>0x6f79</load_address>
         <run_address>0x6f79</run_address>
         <size>0x642</size>
         <input_file_ref idref="fl-6"/>
      </object_component>
      <object_component id="oc-170">
         <name>.debug_info</name>
         <load_address>0x75bb</load_address>
         <run_address>0x75bb</run_address>
         <size>0x13e</size>
         <input_file_ref idref="fl-6"/>
      </object_component>
      <object_component id="oc-27f">
         <name>.debug_info</name>
         <load_address>0x76f9</load_address>
         <run_address>0x76f9</run_address>
         <size>0x1db</size>
         <input_file_ref idref="fl-7"/>
      </object_component>
      <object_component id="oc-204">
         <name>.debug_info</name>
         <load_address>0x78d4</load_address>
         <run_address>0x78d4</run_address>
         <size>0x30c</size>
         <input_file_ref idref="fl-7"/>
      </object_component>
      <object_component id="oc-237">
         <name>.debug_info</name>
         <load_address>0x7be0</load_address>
         <run_address>0x7be0</run_address>
         <size>0x379</size>
         <input_file_ref idref="fl-7"/>
      </object_component>
      <object_component id="oc-1f9">
         <name>.debug_info</name>
         <load_address>0x7f59</load_address>
         <run_address>0x7f59</run_address>
         <size>0xe1</size>
         <input_file_ref idref="fl-7"/>
      </object_component>
      <object_component id="oc-2db">
         <name>.debug_info</name>
         <load_address>0x803a</load_address>
         <run_address>0x803a</run_address>
         <size>0xcc</size>
         <input_file_ref idref="fl-7"/>
      </object_component>
      <object_component id="oc-1fe">
         <name>.debug_info</name>
         <load_address>0x8106</load_address>
         <run_address>0x8106</run_address>
         <size>0x2c</size>
         <input_file_ref idref="fl-7"/>
      </object_component>
      <object_component id="oc-232">
         <name>.debug_info</name>
         <load_address>0x8132</load_address>
         <run_address>0x8132</run_address>
         <size>0x14c</size>
         <input_file_ref idref="fl-7"/>
      </object_component>
      <object_component id="oc-27e">
         <name>.debug_info</name>
         <load_address>0x827e</load_address>
         <run_address>0x827e</run_address>
         <size>0x552</size>
         <input_file_ref idref="fl-8"/>
      </object_component>
      <object_component id="oc-1f3">
         <name>.debug_info</name>
         <load_address>0x87d0</load_address>
         <run_address>0x87d0</run_address>
         <size>0x147e</size>
         <input_file_ref idref="fl-8"/>
      </object_component>
      <object_component id="oc-278">
         <name>.debug_info</name>
         <load_address>0x9c4e</load_address>
         <run_address>0x9c4e</run_address>
         <size>0x110</size>
         <input_file_ref idref="fl-8"/>
      </object_component>
      <object_component id="oc-20e">
         <name>.debug_info</name>
         <load_address>0x9d5e</load_address>
         <run_address>0x9d5e</run_address>
         <size>0x39</size>
         <input_file_ref idref="fl-8"/>
      </object_component>
      <object_component id="oc-282">
         <name>.debug_info</name>
         <load_address>0x9d97</load_address>
         <run_address>0x9d97</run_address>
         <size>0x46</size>
         <input_file_ref idref="fl-8"/>
      </object_component>
      <object_component id="oc-2d4">
         <name>.debug_info</name>
         <load_address>0x9ddd</load_address>
         <run_address>0x9ddd</run_address>
         <size>0x62</size>
         <input_file_ref idref="fl-8"/>
      </object_component>
      <object_component id="oc-294">
         <name>.debug_info</name>
         <load_address>0x9e3f</load_address>
         <run_address>0x9e3f</run_address>
         <size>0x2fa</size>
         <input_file_ref idref="fl-9"/>
      </object_component>
      <object_component id="oc-2e1">
         <name>.debug_info</name>
         <load_address>0xa139</load_address>
         <run_address>0xa139</run_address>
         <size>0xe0</size>
         <input_file_ref idref="fl-9"/>
      </object_component>
      <object_component id="oc-291">
         <name>.debug_info</name>
         <load_address>0xa219</load_address>
         <run_address>0xa219</run_address>
         <size>0xe0</size>
         <input_file_ref idref="fl-9"/>
      </object_component>
      <object_component id="oc-28e">
         <name>.debug_info</name>
         <load_address>0xa2f9</load_address>
         <run_address>0xa2f9</run_address>
         <size>0x194</size>
         <input_file_ref idref="fl-9"/>
      </object_component>
      <object_component id="oc-214">
         <name>.debug_info</name>
         <load_address>0xa48d</load_address>
         <run_address>0xa48d</run_address>
         <size>0x53d</size>
         <input_file_ref idref="fl-9"/>
      </object_component>
      <object_component id="oc-288">
         <name>.debug_info</name>
         <load_address>0xa9ca</load_address>
         <run_address>0xa9ca</run_address>
         <size>0x2b7</size>
         <input_file_ref idref="fl-9"/>
      </object_component>
      <object_component id="oc-2e8">
         <name>.debug_info</name>
         <load_address>0xac81</load_address>
         <run_address>0xac81</run_address>
         <size>0x62</size>
         <input_file_ref idref="fl-9"/>
      </object_component>
      <object_component id="oc-296">
         <name>.debug_info</name>
         <load_address>0xace3</load_address>
         <run_address>0xace3</run_address>
         <size>0x235</size>
         <input_file_ref idref="fl-a"/>
      </object_component>
      <object_component id="oc-21c">
         <name>.debug_info</name>
         <load_address>0xaf18</load_address>
         <run_address>0xaf18</run_address>
         <size>0x4be</size>
         <input_file_ref idref="fl-a"/>
      </object_component>
      <object_component id="oc-203">
         <name>.debug_info</name>
         <load_address>0xb3d6</load_address>
         <run_address>0xb3d6</run_address>
         <size>0xd01</size>
         <input_file_ref idref="fl-b"/>
      </object_component>
      <object_component id="oc-12c">
         <name>.debug_info</name>
         <load_address>0xc0d7</load_address>
         <run_address>0xc0d7</run_address>
         <size>0x3b1a</size>
         <input_file_ref idref="fl-b"/>
      </object_component>
      <object_component id="oc-209">
         <name>.debug_info</name>
         <load_address>0xfbf1</load_address>
         <run_address>0xfbf1</run_address>
         <size>0x46</size>
         <input_file_ref idref="fl-b"/>
      </object_component>
      <object_component id="oc-29e">
         <name>.debug_info</name>
         <load_address>0xfc37</load_address>
         <run_address>0xfc37</run_address>
         <size>0x34d</size>
         <input_file_ref idref="fl-c"/>
      </object_component>
      <object_component id="oc-152">
         <name>.debug_info</name>
         <load_address>0xff84</load_address>
         <run_address>0xff84</run_address>
         <size>0x12e</size>
         <input_file_ref idref="fl-c"/>
      </object_component>
      <object_component id="oc-220">
         <name>.debug_info</name>
         <load_address>0x100b2</load_address>
         <run_address>0x100b2</run_address>
         <size>0x5c0</size>
         <input_file_ref idref="fl-c"/>
      </object_component>
      <object_component id="oc-299">
         <name>.debug_info</name>
         <load_address>0x10672</load_address>
         <run_address>0x10672</run_address>
         <size>0x366</size>
         <input_file_ref idref="fl-c"/>
      </object_component>
      <object_component id="oc-9e">
         <name>.debug_info</name>
         <load_address>0x109d8</load_address>
         <run_address>0x109d8</run_address>
         <size>0x4a9</size>
         <input_file_ref idref="fl-d"/>
      </object_component>
      <object_component id="oc-277">
         <name>.debug_info</name>
         <load_address>0x10e81</load_address>
         <run_address>0x10e81</run_address>
         <size>0x5ac</size>
         <input_file_ref idref="fl-e"/>
      </object_component>
      <object_component id="oc-1ef">
         <name>.debug_info</name>
         <load_address>0x1142d</load_address>
         <run_address>0x1142d</run_address>
         <size>0x243c</size>
         <input_file_ref idref="fl-e"/>
      </object_component>
      <object_component id="oc-2cd">
         <name>.debug_info</name>
         <load_address>0x13869</load_address>
         <run_address>0x13869</run_address>
         <size>0x155</size>
         <input_file_ref idref="fl-e"/>
      </object_component>
      <object_component id="oc-22f">
         <name>.debug_info</name>
         <load_address>0x139be</load_address>
         <run_address>0x139be</run_address>
         <size>0x723</size>
         <input_file_ref idref="fl-f"/>
      </object_component>
      <object_component id="oc-14f">
         <name>.debug_info</name>
         <load_address>0x140e1</load_address>
         <run_address>0x140e1</run_address>
         <size>0x351</size>
         <input_file_ref idref="fl-f"/>
      </object_component>
      <object_component id="oc-226">
         <name>.debug_info</name>
         <load_address>0x14432</load_address>
         <run_address>0x14432</run_address>
         <size>0x27d</size>
         <input_file_ref idref="fl-f"/>
      </object_component>
      <object_component id="oc-133">
         <name>.debug_info</name>
         <load_address>0x146af</load_address>
         <run_address>0x146af</run_address>
         <size>0x4c0f</size>
         <input_file_ref idref="fl-f"/>
      </object_component>
      <object_component id="oc-1e8">
         <name>.debug_info</name>
         <load_address>0x192be</load_address>
         <run_address>0x192be</run_address>
         <size>0x40d</size>
         <input_file_ref idref="fl-f"/>
      </object_component>
      <object_component id="oc-2a5">
         <name>.debug_info</name>
         <load_address>0x196cb</load_address>
         <run_address>0x196cb</run_address>
         <size>0x146</size>
         <input_file_ref idref="fl-f"/>
      </object_component>
      <object_component id="oc-191">
         <name>.debug_info</name>
         <load_address>0x19811</load_address>
         <run_address>0x19811</run_address>
         <size>0x156</size>
         <input_file_ref idref="fl-11"/>
      </object_component>
      <object_component id="oc-e0">
         <name>.debug_info</name>
         <load_address>0x19967</load_address>
         <run_address>0x19967</run_address>
         <size>0x1e9</size>
         <input_file_ref idref="fl-11"/>
      </object_component>
      <object_component id="oc-1b2">
         <name>.debug_info</name>
         <load_address>0x19b50</load_address>
         <run_address>0x19b50</run_address>
         <size>0x1d8</size>
         <input_file_ref idref="fl-11"/>
      </object_component>
      <object_component id="oc-255">
         <name>.debug_info</name>
         <load_address>0x19d28</load_address>
         <run_address>0x19d28</run_address>
         <size>0xc6</size>
         <input_file_ref idref="fl-11"/>
      </object_component>
      <object_component id="oc-67">
         <name>.debug_info</name>
         <load_address>0x19dee</load_address>
         <run_address>0x19dee</run_address>
         <size>0x784</size>
         <input_file_ref idref="fl-12"/>
      </object_component>
      <object_component id="oc-2c">
         <name>.debug_info</name>
         <load_address>0x1a572</load_address>
         <run_address>0x1a572</run_address>
         <size>0x10b</size>
         <input_file_ref idref="fl-13"/>
      </object_component>
      <object_component id="oc-138">
         <name>.debug_info</name>
         <load_address>0x1a67d</load_address>
         <run_address>0x1a67d</run_address>
         <size>0x44e</size>
         <input_file_ref idref="fl-14"/>
      </object_component>
      <object_component id="oc-8a">
         <name>.debug_info</name>
         <load_address>0x1aacb</load_address>
         <run_address>0x1aacb</run_address>
         <size>0x215</size>
         <input_file_ref idref="fl-14"/>
      </object_component>
      <object_component id="oc-25a">
         <name>.debug_info</name>
         <load_address>0x1ace0</load_address>
         <run_address>0x1ace0</run_address>
         <size>0x175</size>
         <input_file_ref idref="fl-16"/>
      </object_component>
      <object_component id="oc-2ba">
         <name>.debug_info</name>
         <load_address>0x1ae55</load_address>
         <run_address>0x1ae55</run_address>
         <size>0x242</size>
         <input_file_ref idref="fl-16"/>
      </object_component>
      <object_component id="oc-1bc">
         <name>.debug_info</name>
         <load_address>0x1b097</load_address>
         <run_address>0x1b097</run_address>
         <size>0x2af</size>
         <input_file_ref idref="fl-16"/>
      </object_component>
      <object_component id="oc-31">
         <name>.debug_info</name>
         <load_address>0x1b346</load_address>
         <run_address>0x1b346</run_address>
         <size>0x140</size>
         <input_file_ref idref="fl-17"/>
      </object_component>
      <object_component id="oc-e8">
         <name>.debug_info</name>
         <load_address>0x1b486</load_address>
         <run_address>0x1b486</run_address>
         <size>0x36a</size>
         <input_file_ref idref="fl-18"/>
      </object_component>
      <object_component id="oc-ed">
         <name>.debug_info</name>
         <load_address>0x1b7f0</load_address>
         <run_address>0x1b7f0</run_address>
         <size>0x537</size>
         <input_file_ref idref="fl-19"/>
      </object_component>
      <object_component id="oc-7e">
         <name>.debug_info</name>
         <load_address>0x1bd27</load_address>
         <run_address>0x1bd27</run_address>
         <size>0x2805</size>
         <input_file_ref idref="fl-19"/>
      </object_component>
      <object_component id="oc-1c">
         <name>.debug_info</name>
         <load_address>0x1e52c</load_address>
         <run_address>0x1e52c</run_address>
         <size>0x527</size>
         <input_file_ref idref="fl-1a"/>
      </object_component>
      <object_component id="oc-70">
         <name>.debug_info</name>
         <load_address>0x1ea53</load_address>
         <run_address>0x1ea53</run_address>
         <size>0x139</size>
         <input_file_ref idref="fl-1a"/>
      </object_component>
      <object_component id="oc-a3">
         <name>.debug_info</name>
         <load_address>0x1eb8c</load_address>
         <run_address>0x1eb8c</run_address>
         <size>0x36f</size>
         <input_file_ref idref="fl-1b"/>
      </object_component>
      <object_component id="oc-28">
         <name>.debug_info</name>
         <load_address>0x1eefb</load_address>
         <run_address>0x1eefb</run_address>
         <size>0xe8</size>
         <input_file_ref idref="fl-1b"/>
      </object_component>
      <object_component id="oc-37">
         <name>.debug_info</name>
         <load_address>0x1efe3</load_address>
         <run_address>0x1efe3</run_address>
         <size>0x47a</size>
         <input_file_ref idref="fl-1b"/>
      </object_component>
      <object_component id="oc-3c">
         <name>.debug_info</name>
         <load_address>0x1f45d</load_address>
         <run_address>0x1f45d</run_address>
         <size>0x203</size>
         <input_file_ref idref="fl-1b"/>
      </object_component>
      <object_component id="oc-17a">
         <name>.debug_info</name>
         <load_address>0x1f660</load_address>
         <run_address>0x1f660</run_address>
         <size>0x4f</size>
         <input_file_ref idref="fl-1b"/>
      </object_component>
      <object_component id="oc-e6">
         <name>.debug_info</name>
         <load_address>0x1f6af</load_address>
         <run_address>0x1f6af</run_address>
         <size>0x3e3</size>
         <input_file_ref idref="fl-1c"/>
      </object_component>
      <object_component id="oc-76">
         <name>.debug_info</name>
         <load_address>0x1fa92</load_address>
         <run_address>0x1fa92</run_address>
         <size>0x7dd</size>
         <input_file_ref idref="fl-1c"/>
      </object_component>
      <object_component id="oc-d3">
         <name>.debug_info</name>
         <load_address>0x2026f</load_address>
         <run_address>0x2026f</run_address>
         <size>0x11a</size>
         <input_file_ref idref="fl-d6"/>
      </object_component>
      <object_component id="oc-4d">
         <name>.debug_info</name>
         <load_address>0x20389</load_address>
         <run_address>0x20389</run_address>
         <size>0x152</size>
         <input_file_ref idref="fl-d7"/>
      </object_component>
      <object_component id="oc-1d6">
         <name>.debug_info</name>
         <load_address>0x204db</load_address>
         <run_address>0x204db</run_address>
         <size>0x353</size>
         <input_file_ref idref="fl-d8"/>
      </object_component>
      <object_component id="oc-f6">
         <name>.debug_info</name>
         <load_address>0x2082e</load_address>
         <run_address>0x2082e</run_address>
         <size>0x174</size>
         <input_file_ref idref="fl-d8"/>
      </object_component>
      <object_component id="oc-25d">
         <name>.debug_info</name>
         <load_address>0x209a2</load_address>
         <run_address>0x209a2</run_address>
         <size>0x39</size>
         <input_file_ref idref="fl-d8"/>
      </object_component>
      <object_component id="oc-2bf">
         <name>.debug_info</name>
         <load_address>0x209db</load_address>
         <run_address>0x209db</run_address>
         <size>0x39</size>
         <input_file_ref idref="fl-d8"/>
      </object_component>
      <object_component id="oc-262">
         <name>.debug_info</name>
         <load_address>0x20a14</load_address>
         <run_address>0x20a14</run_address>
         <size>0x39</size>
         <input_file_ref idref="fl-d8"/>
      </object_component>
      <object_component id="oc-267">
         <name>.debug_info</name>
         <load_address>0x20a4d</load_address>
         <run_address>0x20a4d</run_address>
         <size>0xcd</size>
         <input_file_ref idref="fl-d8"/>
      </object_component>
      <object_component id="oc-d0">
         <name>.debug_info</name>
         <load_address>0x20b1a</load_address>
         <run_address>0x20b1a</run_address>
         <size>0x16f</size>
         <input_file_ref idref="fl-da"/>
      </object_component>
      <object_component id="oc-5f">
         <name>.debug_info</name>
         <load_address>0x20c89</load_address>
         <run_address>0x20c89</run_address>
         <size>0x16e</size>
         <input_file_ref idref="fl-da"/>
      </object_component>
      <object_component id="oc-cb">
         <name>.debug_info</name>
         <load_address>0x20df7</load_address>
         <run_address>0x20df7</run_address>
         <size>0x46</size>
         <input_file_ref idref="fl-da"/>
      </object_component>
      <object_component id="oc-57">
         <name>.debug_info</name>
         <load_address>0x20e3d</load_address>
         <run_address>0x20e3d</run_address>
         <size>0x143</size>
         <input_file_ref idref="fl-db"/>
      </object_component>
      <object_component id="oc-18">
         <name>.debug_info</name>
         <load_address>0x20f80</load_address>
         <run_address>0x20f80</run_address>
         <size>0x1a3</size>
         <input_file_ref idref="fl-db"/>
      </object_component>
      <object_component id="oc-52">
         <name>.debug_info</name>
         <load_address>0x21123</load_address>
         <run_address>0x21123</run_address>
         <size>0x46</size>
         <input_file_ref idref="fl-db"/>
      </object_component>
      <object_component id="oc-c3">
         <name>.debug_info</name>
         <load_address>0x21169</load_address>
         <run_address>0x21169</run_address>
         <size>0x2c</size>
         <input_file_ref idref="fl-db"/>
      </object_component>
      <object_component id="oc-c1">
         <name>.debug_info</name>
         <load_address>0x21195</load_address>
         <run_address>0x21195</run_address>
         <size>0x13e</size>
         <input_file_ref idref="fl-dc"/>
      </object_component>
      <object_component id="oc-10">
         <name>.debug_info</name>
         <load_address>0x212d3</load_address>
         <run_address>0x212d3</run_address>
         <size>0x21e</size>
         <input_file_ref idref="fl-dc"/>
      </object_component>
      <object_component id="oc-42">
         <name>.debug_info</name>
         <load_address>0x214f1</load_address>
         <run_address>0x214f1</run_address>
         <size>0x60</size>
         <input_file_ref idref="fl-dc"/>
      </object_component>
      <object_component id="oc-180">
         <name>.debug_info</name>
         <load_address>0x21551</load_address>
         <run_address>0x21551</run_address>
         <size>0x46</size>
         <input_file_ref idref="fl-dc"/>
      </object_component>
      <object_component id="oc-bc">
         <name>.debug_info</name>
         <load_address>0x21597</load_address>
         <run_address>0x21597</run_address>
         <size>0x39</size>
         <input_file_ref idref="fl-dc"/>
      </object_component>
      <object_component id="oc-13f">
         <name>.debug_info</name>
         <load_address>0x215d0</load_address>
         <run_address>0x215d0</run_address>
         <size>0xf0</size>
         <input_file_ref idref="fl-dd"/>
      </object_component>
      <object_component id="oc-2a2">
         <name>.debug_info</name>
         <load_address>0x216c0</load_address>
         <run_address>0x216c0</run_address>
         <size>0x12f</size>
         <input_file_ref idref="fl-df"/>
      </object_component>
      <object_component id="oc-22c">
         <name>.debug_info</name>
         <load_address>0x217ef</load_address>
         <run_address>0x217ef</run_address>
         <size>0x1b1</size>
         <input_file_ref idref="fl-df"/>
      </object_component>
      <object_component id="oc-325">
         <name>.debug_info</name>
         <load_address>0x219a0</load_address>
         <run_address>0x219a0</run_address>
         <size>0xaa</size>
      </object_component>
      <object_component id="oc-a8">
         <name>.debug_line</name>
         <load_address>0x0</load_address>
         <run_address>0x0</run_address>
         <size>0x78</size>
         <input_file_ref idref="fl-2"/>
      </object_component>
      <object_component id="oc-252">
         <name>.debug_line</name>
         <load_address>0x78</load_address>
         <run_address>0x78</run_address>
         <size>0x20</size>
         <input_file_ref idref="fl-3"/>
      </object_component>
      <object_component id="oc-6d">
         <name>.debug_line</name>
         <load_address>0x98</load_address>
         <run_address>0x98</run_address>
         <size>0x1fb</size>
         <input_file_ref idref="fl-3"/>
      </object_component>
      <object_component id="oc-4a">
         <name>.debug_line</name>
         <load_address>0x293</load_address>
         <run_address>0x293</run_address>
         <size>0x20</size>
         <input_file_ref idref="fl-3"/>
      </object_component>
      <object_component id="oc-dc">
         <name>.debug_line</name>
         <load_address>0x2b3</load_address>
         <run_address>0x2b3</run_address>
         <size>0x74</size>
         <input_file_ref idref="fl-3"/>
      </object_component>
      <object_component id="oc-1d4">
         <name>.debug_line</name>
         <load_address>0x327</load_address>
         <run_address>0x327</run_address>
         <size>0x61</size>
         <input_file_ref idref="fl-4"/>
      </object_component>
      <object_component id="oc-82">
         <name>.debug_line</name>
         <load_address>0x388</load_address>
         <run_address>0x388</run_address>
         <size>0x289</size>
         <input_file_ref idref="fl-4"/>
      </object_component>
      <object_component id="oc-23">
         <name>.debug_line</name>
         <load_address>0x611</load_address>
         <run_address>0x611</run_address>
         <size>0x6e</size>
         <input_file_ref idref="fl-4"/>
      </object_component>
      <object_component id="oc-15a">
         <name>.debug_line</name>
         <load_address>0x67f</load_address>
         <run_address>0x67f</run_address>
         <size>0x6f</size>
         <input_file_ref idref="fl-4"/>
      </object_component>
      <object_component id="oc-9a">
         <name>.debug_line</name>
         <load_address>0x6ee</load_address>
         <run_address>0x6ee</run_address>
         <size>0x6a</size>
         <input_file_ref idref="fl-4"/>
      </object_component>
      <object_component id="oc-b4">
         <name>.debug_line</name>
         <load_address>0x758</load_address>
         <run_address>0x758</run_address>
         <size>0x20</size>
         <input_file_ref idref="fl-4"/>
      </object_component>
      <object_component id="oc-af">
         <name>.debug_line</name>
         <load_address>0x778</load_address>
         <run_address>0x778</run_address>
         <size>0x65</size>
         <input_file_ref idref="fl-4"/>
      </object_component>
      <object_component id="oc-24b">
         <name>.debug_line</name>
         <load_address>0x7dd</load_address>
         <run_address>0x7dd</run_address>
         <size>0x73</size>
         <input_file_ref idref="fl-4"/>
      </object_component>
      <object_component id="oc-14c">
         <name>.debug_line</name>
         <load_address>0x850</load_address>
         <run_address>0x850</run_address>
         <size>0x70</size>
         <input_file_ref idref="fl-4"/>
      </object_component>
      <object_component id="oc-b9">
         <name>.debug_line</name>
         <load_address>0x8c0</load_address>
         <run_address>0x8c0</run_address>
         <size>0x68</size>
         <input_file_ref idref="fl-4"/>
      </object_component>
      <object_component id="oc-15f">
         <name>.debug_line</name>
         <load_address>0x928</load_address>
         <run_address>0x928</run_address>
         <size>0x65</size>
         <input_file_ref idref="fl-4"/>
      </object_component>
      <object_component id="oc-f2">
         <name>.debug_line</name>
         <load_address>0x98d</load_address>
         <run_address>0x98d</run_address>
         <size>0x61</size>
         <input_file_ref idref="fl-4"/>
      </object_component>
      <object_component id="oc-178">
         <name>.debug_line</name>
         <load_address>0x9ee</load_address>
         <run_address>0x9ee</run_address>
         <size>0x65</size>
         <input_file_ref idref="fl-4"/>
      </object_component>
      <object_component id="oc-26f">
         <name>.debug_line</name>
         <load_address>0xa53</load_address>
         <run_address>0xa53</run_address>
         <size>0x20</size>
         <input_file_ref idref="fl-5"/>
      </object_component>
      <object_component id="oc-126">
         <name>.debug_line</name>
         <load_address>0xa73</load_address>
         <run_address>0xa73</run_address>
         <size>0x17f</size>
         <input_file_ref idref="fl-5"/>
      </object_component>
      <object_component id="oc-169">
         <name>.debug_line</name>
         <load_address>0xbf2</load_address>
         <run_address>0xbf2</run_address>
         <size>0x65</size>
         <input_file_ref idref="fl-5"/>
      </object_component>
      <object_component id="oc-273">
         <name>.debug_line</name>
         <load_address>0xc57</load_address>
         <run_address>0xc57</run_address>
         <size>0x61</size>
         <input_file_ref idref="fl-5"/>
      </object_component>
      <object_component id="oc-247">
         <name>.debug_line</name>
         <load_address>0xcb8</load_address>
         <run_address>0xcb8</run_address>
         <size>0x20</size>
         <input_file_ref idref="fl-6"/>
      </object_component>
      <object_component id="oc-95">
         <name>.debug_line</name>
         <load_address>0xcd8</load_address>
         <run_address>0xcd8</run_address>
         <size>0xa6</size>
         <input_file_ref idref="fl-6"/>
      </object_component>
      <object_component id="oc-197">
         <name>.debug_line</name>
         <load_address>0xd7e</load_address>
         <run_address>0xd7e</run_address>
         <size>0x65</size>
         <input_file_ref idref="fl-6"/>
      </object_component>
      <object_component id="oc-19c">
         <name>.debug_line</name>
         <load_address>0xde3</load_address>
         <run_address>0xde3</run_address>
         <size>0x68</size>
         <input_file_ref idref="fl-6"/>
      </object_component>
      <object_component id="oc-1a1">
         <name>.debug_line</name>
         <load_address>0xe4b</load_address>
         <run_address>0xe4b</run_address>
         <size>0x65</size>
         <input_file_ref idref="fl-6"/>
      </object_component>
      <object_component id="oc-18a">
         <name>.debug_line</name>
         <load_address>0xeb0</load_address>
         <run_address>0xeb0</run_address>
         <size>0x6b</size>
         <input_file_ref idref="fl-6"/>
      </object_component>
      <object_component id="oc-1a6">
         <name>.debug_line</name>
         <load_address>0xf1b</load_address>
         <run_address>0xf1b</run_address>
         <size>0x65</size>
         <input_file_ref idref="fl-6"/>
      </object_component>
      <object_component id="oc-1d1">
         <name>.debug_line</name>
         <load_address>0xf80</load_address>
         <run_address>0xf80</run_address>
         <size>0x6a</size>
         <input_file_ref idref="fl-6"/>
      </object_component>
      <object_component id="oc-1ab">
         <name>.debug_line</name>
         <load_address>0xfea</load_address>
         <run_address>0xfea</run_address>
         <size>0x65</size>
         <input_file_ref idref="fl-6"/>
      </object_component>
      <object_component id="oc-164">
         <name>.debug_line</name>
         <load_address>0x104f</load_address>
         <run_address>0x104f</run_address>
         <size>0x67</size>
         <input_file_ref idref="fl-6"/>
      </object_component>
      <object_component id="oc-1c4">
         <name>.debug_line</name>
         <load_address>0x10b6</load_address>
         <run_address>0x10b6</run_address>
         <size>0x64</size>
         <input_file_ref idref="fl-6"/>
      </object_component>
      <object_component id="oc-1b0">
         <name>.debug_line</name>
         <load_address>0x111a</load_address>
         <run_address>0x111a</run_address>
         <size>0x65</size>
         <input_file_ref idref="fl-6"/>
      </object_component>
      <object_component id="oc-1ba">
         <name>.debug_line</name>
         <load_address>0x117f</load_address>
         <run_address>0x117f</run_address>
         <size>0x67</size>
         <input_file_ref idref="fl-6"/>
      </object_component>
      <object_component id="oc-1c9">
         <name>.debug_line</name>
         <load_address>0x11e6</load_address>
         <run_address>0x11e6</run_address>
         <size>0x65</size>
         <input_file_ref idref="fl-6"/>
      </object_component>
      <object_component id="oc-16e">
         <name>.debug_line</name>
         <load_address>0x124b</load_address>
         <run_address>0x124b</run_address>
         <size>0x68</size>
         <input_file_ref idref="fl-6"/>
      </object_component>
      <object_component id="oc-173">
         <name>.debug_line</name>
         <load_address>0x12b3</load_address>
         <run_address>0x12b3</run_address>
         <size>0x67</size>
         <input_file_ref idref="fl-6"/>
      </object_component>
      <object_component id="oc-2da">
         <name>.debug_line</name>
         <load_address>0x131a</load_address>
         <run_address>0x131a</run_address>
         <size>0x20</size>
         <input_file_ref idref="fl-7"/>
      </object_component>
      <object_component id="oc-207">
         <name>.debug_line</name>
         <load_address>0x133a</load_address>
         <run_address>0x133a</run_address>
         <size>0x65</size>
         <input_file_ref idref="fl-7"/>
      </object_component>
      <object_component id="oc-23a">
         <name>.debug_line</name>
         <load_address>0x139f</load_address>
         <run_address>0x139f</run_address>
         <size>0x66</size>
         <input_file_ref idref="fl-7"/>
      </object_component>
      <object_component id="oc-1fc">
         <name>.debug_line</name>
         <load_address>0x1405</load_address>
         <run_address>0x1405</run_address>
         <size>0x6a</size>
         <input_file_ref idref="fl-7"/>
      </object_component>
      <object_component id="oc-2de">
         <name>.debug_line</name>
         <load_address>0x146f</load_address>
         <run_address>0x146f</run_address>
         <size>0x69</size>
         <input_file_ref idref="fl-7"/>
      </object_component>
      <object_component id="oc-201">
         <name>.debug_line</name>
         <load_address>0x14d8</load_address>
         <run_address>0x14d8</run_address>
         <size>0x69</size>
         <input_file_ref idref="fl-7"/>
      </object_component>
      <object_component id="oc-235">
         <name>.debug_line</name>
         <load_address>0x1541</load_address>
         <run_address>0x1541</run_address>
         <size>0x65</size>
         <input_file_ref idref="fl-7"/>
      </object_component>
      <object_component id="oc-2d3">
         <name>.debug_line</name>
         <load_address>0x15a6</load_address>
         <run_address>0x15a6</run_address>
         <size>0x13d</size>
         <input_file_ref idref="fl-8"/>
      </object_component>
      <object_component id="oc-1f7">
         <name>.debug_line</name>
         <load_address>0x16e3</load_address>
         <run_address>0x16e3</run_address>
         <size>0x2ec</size>
         <input_file_ref idref="fl-8"/>
      </object_component>
      <object_component id="oc-27b">
         <name>.debug_line</name>
         <load_address>0x19cf</load_address>
         <run_address>0x19cf</run_address>
         <size>0x6b</size>
         <input_file_ref idref="fl-8"/>
      </object_component>
      <object_component id="oc-211">
         <name>.debug_line</name>
         <load_address>0x1a3a</load_address>
         <run_address>0x1a3a</run_address>
         <size>0x6d</size>
         <input_file_ref idref="fl-8"/>
      </object_component>
      <object_component id="oc-285">
         <name>.debug_line</name>
         <load_address>0x1aa7</load_address>
         <run_address>0x1aa7</run_address>
         <size>0x66</size>
         <input_file_ref idref="fl-8"/>
      </object_component>
      <object_component id="oc-2d7">
         <name>.debug_line</name>
         <load_address>0x1b0d</load_address>
         <run_address>0x1b0d</run_address>
         <size>0x3f</size>
         <input_file_ref idref="fl-8"/>
      </object_component>
      <object_component id="oc-2ee">
         <name>.debug_line</name>
         <load_address>0x1b4c</load_address>
         <run_address>0x1b4c</run_address>
         <size>0xaf</size>
         <input_file_ref idref="fl-9"/>
      </object_component>
      <object_component id="oc-2fa">
         <name>.debug_line</name>
         <load_address>0x1bfb</load_address>
         <run_address>0x1bfb</run_address>
         <size>0x37</size>
         <input_file_ref idref="fl-9"/>
      </object_component>
      <object_component id="oc-2e7">
         <name>.debug_line</name>
         <load_address>0x1c32</load_address>
         <run_address>0x1c32</run_address>
         <size>0x37</size>
         <input_file_ref idref="fl-9"/>
      </object_component>
      <object_component id="oc-2e5">
         <name>.debug_line</name>
         <load_address>0x1c69</load_address>
         <run_address>0x1c69</run_address>
         <size>0x37</size>
         <input_file_ref idref="fl-9"/>
      </object_component>
      <object_component id="oc-218">
         <name>.debug_line</name>
         <load_address>0x1ca0</load_address>
         <run_address>0x1ca0</run_address>
         <size>0x11b</size>
         <input_file_ref idref="fl-9"/>
      </object_component>
      <object_component id="oc-28c">
         <name>.debug_line</name>
         <load_address>0x1dbb</load_address>
         <run_address>0x1dbb</run_address>
         <size>0xb0</size>
         <input_file_ref idref="fl-9"/>
      </object_component>
      <object_component id="oc-2eb">
         <name>.debug_line</name>
         <load_address>0x1e6b</load_address>
         <run_address>0x1e6b</run_address>
         <size>0x37</size>
         <input_file_ref idref="fl-9"/>
      </object_component>
      <object_component id="oc-2f0">
         <name>.debug_line</name>
         <load_address>0x1ea2</load_address>
         <run_address>0x1ea2</run_address>
         <size>0x20</size>
         <input_file_ref idref="fl-a"/>
      </object_component>
      <object_component id="oc-21a">
         <name>.debug_line</name>
         <load_address>0x1ec2</load_address>
         <run_address>0x1ec2</run_address>
         <size>0xef</size>
         <input_file_ref idref="fl-a"/>
      </object_component>
      <object_component id="oc-281">
         <name>.debug_line</name>
         <load_address>0x1fb1</load_address>
         <run_address>0x1fb1</run_address>
         <size>0x117</size>
         <input_file_ref idref="fl-b"/>
      </object_component>
      <object_component id="oc-12f">
         <name>.debug_line</name>
         <load_address>0x20c8</load_address>
         <run_address>0x20c8</run_address>
         <size>0x570</size>
         <input_file_ref idref="fl-b"/>
      </object_component>
      <object_component id="oc-20c">
         <name>.debug_line</name>
         <load_address>0x2638</load_address>
         <run_address>0x2638</run_address>
         <size>0x66</size>
         <input_file_ref idref="fl-b"/>
      </object_component>
      <object_component id="oc-2f3">
         <name>.debug_line</name>
         <load_address>0x269e</load_address>
         <run_address>0x269e</run_address>
         <size>0xc7</size>
         <input_file_ref idref="fl-c"/>
      </object_component>
      <object_component id="oc-250">
         <name>.debug_line</name>
         <load_address>0x2765</load_address>
         <run_address>0x2765</run_address>
         <size>0x37</size>
         <input_file_ref idref="fl-c"/>
      </object_component>
      <object_component id="oc-223">
         <name>.debug_line</name>
         <load_address>0x279c</load_address>
         <run_address>0x279c</run_address>
         <size>0x113</size>
         <input_file_ref idref="fl-c"/>
      </object_component>
      <object_component id="oc-298">
         <name>.debug_line</name>
         <load_address>0x28af</load_address>
         <run_address>0x28af</run_address>
         <size>0xac</size>
         <input_file_ref idref="fl-c"/>
      </object_component>
      <object_component id="oc-9d">
         <name>.debug_line</name>
         <load_address>0x295b</load_address>
         <run_address>0x295b</run_address>
         <size>0x208</size>
         <input_file_ref idref="fl-d"/>
      </object_component>
      <object_component id="oc-2cc">
         <name>.debug_line</name>
         <load_address>0x2b63</load_address>
         <run_address>0x2b63</run_address>
         <size>0x13d</size>
         <input_file_ref idref="fl-e"/>
      </object_component>
      <object_component id="oc-1ee">
         <name>.debug_line</name>
         <load_address>0x2ca0</load_address>
         <run_address>0x2ca0</run_address>
         <size>0x5ae</size>
         <input_file_ref idref="fl-e"/>
      </object_component>
      <object_component id="oc-2d0">
         <name>.debug_line</name>
         <load_address>0x324e</load_address>
         <run_address>0x324e</run_address>
         <size>0x38</size>
         <input_file_ref idref="fl-e"/>
      </object_component>
      <object_component id="oc-2a4">
         <name>.debug_line</name>
         <load_address>0x3286</load_address>
         <run_address>0x3286</run_address>
         <size>0x143</size>
         <input_file_ref idref="fl-f"/>
      </object_component>
      <object_component id="oc-24e">
         <name>.debug_line</name>
         <load_address>0x33c9</load_address>
         <run_address>0x33c9</run_address>
         <size>0x38</size>
         <input_file_ref idref="fl-f"/>
      </object_component>
      <object_component id="oc-2a0">
         <name>.debug_line</name>
         <load_address>0x3401</load_address>
         <run_address>0x3401</run_address>
         <size>0x38</size>
         <input_file_ref idref="fl-f"/>
      </object_component>
      <object_component id="oc-132">
         <name>.debug_line</name>
         <load_address>0x3439</load_address>
         <run_address>0x3439</run_address>
         <size>0xc97</size>
         <input_file_ref idref="fl-f"/>
      </object_component>
      <object_component id="oc-1e7">
         <name>.debug_line</name>
         <load_address>0x40d0</load_address>
         <run_address>0x40d0</run_address>
         <size>0xc2</size>
         <input_file_ref idref="fl-f"/>
      </object_component>
      <object_component id="oc-2a8">
         <name>.debug_line</name>
         <load_address>0x4192</load_address>
         <run_address>0x4192</run_address>
         <size>0x38</size>
         <input_file_ref idref="fl-f"/>
      </object_component>
      <object_component id="oc-254">
         <name>.debug_line</name>
         <load_address>0x41ca</load_address>
         <run_address>0x41ca</run_address>
         <size>0x20</size>
         <input_file_ref idref="fl-11"/>
      </object_component>
      <object_component id="oc-e3">
         <name>.debug_line</name>
         <load_address>0x41ea</load_address>
         <run_address>0x41ea</run_address>
         <size>0x81</size>
         <input_file_ref idref="fl-11"/>
      </object_component>
      <object_component id="oc-1b5">
         <name>.debug_line</name>
         <load_address>0x426b</load_address>
         <run_address>0x426b</run_address>
         <size>0x68</size>
         <input_file_ref idref="fl-11"/>
      </object_component>
      <object_component id="oc-258">
         <name>.debug_line</name>
         <load_address>0x42d3</load_address>
         <run_address>0x42d3</run_address>
         <size>0x64</size>
         <input_file_ref idref="fl-11"/>
      </object_component>
      <object_component id="oc-65">
         <name>.debug_line</name>
         <load_address>0x4337</load_address>
         <run_address>0x4337</run_address>
         <size>0x2a5</size>
         <input_file_ref idref="fl-12"/>
      </object_component>
      <object_component id="oc-2e">
         <name>.debug_line</name>
         <load_address>0x45dc</load_address>
         <run_address>0x45dc</run_address>
         <size>0x4f</size>
         <input_file_ref idref="fl-13"/>
      </object_component>
      <object_component id="oc-231">
         <name>.debug_line</name>
         <load_address>0x462b</load_address>
         <run_address>0x462b</run_address>
         <size>0xbe</size>
         <input_file_ref idref="fl-14"/>
      </object_component>
      <object_component id="oc-89">
         <name>.debug_line</name>
         <load_address>0x46e9</load_address>
         <run_address>0x46e9</run_address>
         <size>0x71</size>
         <input_file_ref idref="fl-14"/>
      </object_component>
      <object_component id="oc-2b9">
         <name>.debug_line</name>
         <load_address>0x475a</load_address>
         <run_address>0x475a</run_address>
         <size>0x20</size>
         <input_file_ref idref="fl-16"/>
      </object_component>
      <object_component id="oc-2bd">
         <name>.debug_line</name>
         <load_address>0x477a</load_address>
         <run_address>0x477a</run_address>
         <size>0x65</size>
         <input_file_ref idref="fl-16"/>
      </object_component>
      <object_component id="oc-1bf">
         <name>.debug_line</name>
         <load_address>0x47df</load_address>
         <run_address>0x47df</run_address>
         <size>0x65</size>
         <input_file_ref idref="fl-16"/>
      </object_component>
      <object_component id="oc-30">
         <name>.debug_line</name>
         <load_address>0x4844</load_address>
         <run_address>0x4844</run_address>
         <size>0x4b</size>
         <input_file_ref idref="fl-17"/>
      </object_component>
      <object_component id="oc-eb">
         <name>.debug_line</name>
         <load_address>0x488f</load_address>
         <run_address>0x488f</run_address>
         <size>0x125</size>
         <input_file_ref idref="fl-18"/>
      </object_component>
      <object_component id="oc-1cd">
         <name>.debug_line</name>
         <load_address>0x49b4</load_address>
         <run_address>0x49b4</run_address>
         <size>0xf5</size>
         <input_file_ref idref="fl-19"/>
      </object_component>
      <object_component id="oc-7d">
         <name>.debug_line</name>
         <load_address>0x4aa9</load_address>
         <run_address>0x4aa9</run_address>
         <size>0xed2</size>
         <input_file_ref idref="fl-19"/>
      </object_component>
      <object_component id="oc-1f">
         <name>.debug_line</name>
         <load_address>0x597b</load_address>
         <run_address>0x597b</run_address>
         <size>0xed</size>
         <input_file_ref idref="fl-1a"/>
      </object_component>
      <object_component id="oc-74">
         <name>.debug_line</name>
         <load_address>0x5a68</load_address>
         <run_address>0x5a68</run_address>
         <size>0x50</size>
         <input_file_ref idref="fl-1a"/>
      </object_component>
      <object_component id="oc-156">
         <name>.debug_line</name>
         <load_address>0x5ab8</load_address>
         <run_address>0x5ab8</run_address>
         <size>0xa6</size>
         <input_file_ref idref="fl-1b"/>
      </object_component>
      <object_component id="oc-a2">
         <name>.debug_line</name>
         <load_address>0x5b5e</load_address>
         <run_address>0x5b5e</run_address>
         <size>0x37</size>
         <input_file_ref idref="fl-1b"/>
      </object_component>
      <object_component id="oc-3a">
         <name>.debug_line</name>
         <load_address>0x5b95</load_address>
         <run_address>0x5b95</run_address>
         <size>0x197</size>
         <input_file_ref idref="fl-1b"/>
      </object_component>
      <object_component id="oc-40">
         <name>.debug_line</name>
         <load_address>0x5d2c</load_address>
         <run_address>0x5d2c</run_address>
         <size>0xa6</size>
         <input_file_ref idref="fl-1b"/>
      </object_component>
      <object_component id="oc-17d">
         <name>.debug_line</name>
         <load_address>0x5dd2</load_address>
         <run_address>0x5dd2</run_address>
         <size>0x37</size>
         <input_file_ref idref="fl-1b"/>
      </object_component>
      <object_component id="oc-193">
         <name>.debug_line</name>
         <load_address>0x5e09</load_address>
         <run_address>0x5e09</run_address>
         <size>0xf4</size>
         <input_file_ref idref="fl-1c"/>
      </object_component>
      <object_component id="oc-79">
         <name>.debug_line</name>
         <load_address>0x5efd</load_address>
         <run_address>0x5efd</run_address>
         <size>0x249</size>
         <input_file_ref idref="fl-1c"/>
      </object_component>
      <object_component id="oc-d2">
         <name>.debug_line</name>
         <load_address>0x6146</load_address>
         <run_address>0x6146</run_address>
         <size>0x73</size>
         <input_file_ref idref="fl-d6"/>
      </object_component>
      <object_component id="oc-50">
         <name>.debug_line</name>
         <load_address>0x61b9</load_address>
         <run_address>0x61b9</run_address>
         <size>0x9a</size>
         <input_file_ref idref="fl-d7"/>
      </object_component>
      <object_component id="oc-25c">
         <name>.debug_line</name>
         <load_address>0x6253</load_address>
         <run_address>0x6253</run_address>
         <size>0x8e</size>
         <input_file_ref idref="fl-d8"/>
      </object_component>
      <object_component id="oc-fa">
         <name>.debug_line</name>
         <load_address>0x62e1</load_address>
         <run_address>0x62e1</run_address>
         <size>0x7b</size>
         <input_file_ref idref="fl-d8"/>
      </object_component>
      <object_component id="oc-260">
         <name>.debug_line</name>
         <load_address>0x635c</load_address>
         <run_address>0x635c</run_address>
         <size>0x2e</size>
         <input_file_ref idref="fl-d8"/>
      </object_component>
      <object_component id="oc-2c2">
         <name>.debug_line</name>
         <load_address>0x638a</load_address>
         <run_address>0x638a</run_address>
         <size>0x69</size>
         <input_file_ref idref="fl-d8"/>
      </object_component>
      <object_component id="oc-265">
         <name>.debug_line</name>
         <load_address>0x63f3</load_address>
         <run_address>0x63f3</run_address>
         <size>0x66</size>
         <input_file_ref idref="fl-d8"/>
      </object_component>
      <object_component id="oc-26a">
         <name>.debug_line</name>
         <load_address>0x6459</load_address>
         <run_address>0x6459</run_address>
         <size>0x62</size>
         <input_file_ref idref="fl-d8"/>
      </object_component>
      <object_component id="oc-18d">
         <name>.debug_line</name>
         <load_address>0x64bb</load_address>
         <run_address>0x64bb</run_address>
         <size>0x61</size>
[...]
         <name>_coreInitRegisters_</name>
         <value>0xd178</value>
         <object_component_ref idref="oc-64"/>
      </symbol>
      <symbol id="sm-6ff">
         <name>_coreClearInstructionFaultAddress_</name>
         <value>0xd354</value>
         <object_component_ref idref="oc-64"/>
      </symbol>
      <symbol id="sm-700">
         <name>_errata_CORTEXR4_66_</name>
         <value>0xd430</value>
         <object_component_ref idref="oc-64"/>
      </symbol>
      <symbol id="sm-701">
         <name>_coreEnableRamEcc_</name>
         <value>0xd2bc</value>
         <object_component_ref idref="oc-64"/>
      </symbol>
      <symbol id="sm-702">
         <name>_coreClearDataFault_</name>
         <value>0xd318</value>
         <object_component_ref idref="oc-64"/>
      </symbol>
      <symbol id="sm-703">
         <name>_coreGetAuxiliaryDataFault_</name>
         <value>0xd360</value>
         <object_component_ref idref="oc-64"/>
      </symbol>
      <symbol id="sm-704">
         <name>_enable_interrupt_</name>
         <value>0xd3a0</value>
         <object_component_ref idref="oc-64"/>
      </symbol>
      <symbol id="sm-705">
         <name>_coreClearAuxiliaryInstructionFault_</name>
         <value>0xd37c</value>
         <object_component_ref idref="oc-64"/>
      </symbol>
      <symbol id="sm-706">
         <name>_coreDisableRamEcc_</name>
         <value>0xd2cc</value>
         <object_component_ref idref="oc-64"/>
      </symbol>
      <symbol id="sm-707">
         <name>_coreGetDataFaultAddress_</name>
         <value>0xd338</value>
         <object_component_ref idref="oc-64"/>
      </symbol>
      <symbol id="sm-708">
         <name>_coreClearInstructionFault_</name>
         <value>0xd32c</value>
         <object_component_ref idref="oc-64"/>
      </symbol>
      <symbol id="sm-709">
         <name>_getCPSRValue_</name>
         <value>0xd27c</value>
         <object_component_ref idref="oc-64"/>
      </symbol>
      <symbol id="sm-70a">
         <name>__TI_PINIT_Limit</name>
         <value>0xd444</value>
         <object_component_ref idref="oc-64"/>
      </symbol>
      <symbol id="sm-70b">
         <name>_coreEnableFlashEcc_</name>
         <value>0xd2dc</value>
         <object_component_ref idref="oc-64"/>
      </symbol>
      <symbol id="sm-70c">
         <name>_disable_FIQ_interrupt_</name>
         <value>0xd390</value>
         <object_component_ref idref="oc-64"/>
      </symbol>
      <symbol id="sm-70d">
         <name>_coreGetAuxiliaryInstructionFault_</name>
         <value>0xd374</value>
         <object_component_ref idref="oc-64"/>
      </symbol>
      <symbol id="sm-70e">
         <name>_coreInitStackPointer_</name>
         <value>0xd230</value>
         <object_component_ref idref="oc-64"/>
      </symbol>
      <symbol id="sm-70f">
         <name>_esmCcmErrorsClear_</name>
         <value>0xd3a8</value>
         <object_component_ref idref="oc-64"/>
      </symbol>
      <symbol id="sm-710">
         <name>_gotoCPUIdle_</name>
         <value>0xd284</value>
         <object_component_ref idref="oc-64"/>
      </symbol>
      <symbol id="sm-711">
         <name>_coreEnableIrqVicOffset_</name>
         <value>0xd300</value>
         <object_component_ref idref="oc-64"/>
      </symbol>
      <symbol id="sm-712">
         <name>_coreGetInstructionFault_</name>
         <value>0xd324</value>
         <object_component_ref idref="oc-64"/>
      </symbol>
      <symbol id="sm-713">
         <name>_coreClearAuxiliaryDataFault_</name>
         <value>0xd368</value>
         <object_component_ref idref="oc-64"/>
      </symbol>
      <symbol id="sm-714">
         <name>_coreEnableEventBusExport_</name>
         <value>0xd29c</value>
         <object_component_ref idref="oc-64"/>
      </symbol>
      <symbol id="sm-71f">
         <name>resetEntry</name>
         <value>0x0</value>
         <object_component_ref idref="oc-2a"/>
      </symbol>
      <symbol id="sm-738">
         <name>xTask1Handle</name>
         <value>0x8003020</value>
      </symbol>
      <symbol id="sm-739">
         <name>vTask1</name>
         <value>0xe758</value>
         <object_component_ref idref="oc-88"/>
      </symbol>
      <symbol id="sm-73a">
         <name>main</name>
         <value>0xe77c</value>
         <object_component_ref idref="oc-88"/>
      </symbol>
      <symbol id="sm-753">
         <name>phantomInterrupt</name>
         <value>0xe8f8</value>
         <object_component_ref idref="oc-2f"/>
      </symbol>
      <symbol id="sm-75c">
         <name>_pmuResetCounters_</name>
         <value>0xe5c4</value>
         <object_component_ref idref="oc-e7"/>
      </symbol>
      <symbol id="sm-75d">
         <name>_pmuGetEventCount_</name>
         <value>0xe5f8</value>
         <object_component_ref idref="oc-e7"/>
      </symbol>
      <symbol id="sm-75e">
         <name>_pmuResetEventCounters_</name>
         <value>0xe5b4</value>
         <object_component_ref idref="oc-e7"/>
      </symbol>
      <symbol id="sm-75f">
         <name>_pmuStopCounters_</name>
         <value>0xe5dc</value>
         <object_component_ref idref="oc-e7"/>
      </symbol>
      <symbol id="sm-760">
         <name>_pmuInit_</name>
         <value>0xe538</value>
         <object_component_ref idref="oc-e7"/>
      </symbol>
      <symbol id="sm-761">
         <name>_pmuGetOverflow_</name>
         <value>0xe604</value>
         <object_component_ref idref="oc-e7"/>
      </symbol>
      <symbol id="sm-762">
         <name>_pmuResetCycleCounter_</name>
         <value>0xe5a4</value>
         <object_component_ref idref="oc-e7"/>
      </symbol>
      <symbol id="sm-763">
         <name>_pmuSetCountEvent_</name>
         <value>0xe5e4</value>
         <object_component_ref idref="oc-e7"/>
      </symbol>
      <symbol id="sm-764">
         <name>_pmuGetCycleCount_</name>
         <value>0xe5f0</value>
         <object_component_ref idref="oc-e7"/>
      </symbol>
      <symbol id="sm-765">
         <name>_pmuEnableCountersGlobal_</name>
         <value>0xe584</value>
         <object_component_ref idref="oc-e7"/>
      </symbol>
      <symbol id="sm-766">
         <name>_pmuDisableCountersGlobal_</name>
         <value>0xe594</value>
         <object_component_ref idref="oc-e7"/>
      </symbol>
      <symbol id="sm-767">
         <name>_pmuStartCounters_</name>
         <value>0xe5d4</value>
         <object_component_ref idref="oc-e7"/>
      </symbol>
      <symbol id="sm-8cb">
         <name>pbistSelfCheck</name>
         <value>0x82cc</value>
         <object_component_ref idref="oc-7b"/>
      </symbol>
      <symbol id="sm-8cc">
         <name>fmcBus1ParityCheck</name>
         <value>0x9c00</value>
         <object_component_ref idref="oc-7b"/>
      </symbol>
      <symbol id="sm-8cd">
         <name>can1ParityCheck</name>
         <value>0x90bc</value>
         <object_component_ref idref="oc-7b"/>
      </symbol>
      <symbol id="sm-8ce">
         <name>enableParity</name>
         <value>0xa3d0</value>
         <object_component_ref idref="oc-7b"/>
      </symbol>
      <symbol id="sm-8cf">
         <name>custom_dabort</name>
         <value>0x8df4</value>
         <object_component_ref idref="oc-7b"/>
      </symbol>
      <symbol id="sm-8d0">
         <name>memoryInit</name>
         <value>0x8174</value>
         <object_component_ref idref="oc-7b"/>
      </symbol>
      <symbol id="sm-8d1">
         <name>stcSelfCheck</name>
         <value>0x81b8</value>
         <object_component_ref idref="oc-7b"/>
      </symbol>
      <symbol id="sm-8d2">
         <name>efcGetConfigValue</name>
         <value>0x9f98</value>
         <object_component_ref idref="oc-7b"/>
      </symbol>
      <symbol id="sm-8d3">
         <name>can2ParityCheck</name>
         <value>0x9198</value>
         <object_component_ref idref="oc-7b"/>
      </symbol>
      <symbol id="sm-8d4">
         <name>het1ParityCheck</name>
         <value>0x8eac</value>
         <object_component_ref idref="oc-7b"/>
      </symbol>
      <symbol id="sm-8d5">
         <name>adc1ParityCheck</name>
         <value>0x9004</value>
         <object_component_ref idref="oc-7b"/>
      </symbol>
      <symbol id="sm-8d6">
         <name>checkefcSelfTest</name>
         <value>0x87bc</value>
         <object_component_ref idref="oc-7b"/>
      </symbol>
      <symbol id="sm-8d7">
         <name>checkRAMECC</name>
         <value>0x93bc</value>
         <object_component_ref idref="oc-7b"/>
      </symbol>
      <symbol id="sm-8d8">
         <name>stcSelfCheckFail</name>
         <value>0x8df8</value>
         <object_component_ref idref="oc-7b"/>
      </symbol>
      <symbol id="sm-8d9">
         <name>ccmSelfCheck</name>
         <value>0x8030</value>
         <object_component_ref idref="oc-7b"/>
      </symbol>
      <symbol id="sm-8da">
         <name>efcCheck</name>
         <value>0x8660</value>
         <object_component_ref idref="oc-7b"/>
      </symbol>
      <symbol id="sm-8db">
         <name>cpuSelfTest</name>
         <value>0x8234</value>
         <object_component_ref idref="oc-7b"/>
      </symbol>
      <symbol id="sm-8dc">
         <name>htu1ParityCheck</name>
         <value>0x8f4c</value>
         <object_component_ref idref="oc-7b"/>
      </symbol>
      <symbol id="sm-8dd">
         <name>checkFlashECC</name>
         <value>0x8d18</value>
         <object_component_ref idref="oc-7b"/>
      </symbol>
      <symbol id="sm-8de">
         <name>cpuSelfTestFail</name>
         <value>0x8dfc</value>
         <object_component_ref idref="oc-7b"/>
      </symbol>
      <symbol id="sm-8df">
         <name>checkPLL1Slip</name>
         <value>0x9880</value>
         <object_component_ref idref="oc-7b"/>
      </symbol>
      <symbol id="sm-8e0">
         <name>mibspi1ParityCheck</name>
         <value>0x9260</value>
         <object_component_ref idref="oc-7b"/>
      </symbol>
      <symbol id="sm-8e1">
         <name>ccmr4GetConfigValue</name>
         <value>0xa034</value>
         <object_component_ref idref="oc-7b"/>
      </symbol>
      <symbol id="sm-8e2">
         <name>pbistPortTestStatus</name>
         <value>0x8608</value>
         <object_component_ref idref="oc-7b"/>
      </symbol>
      <symbol id="sm-8e3">
         <name>checkFlashEEPROMECC</name>
         <value>0x96d8</value>
         <object_component_ref idref="oc-7b"/>
      </symbol>
      <symbol id="sm-8e4">
         <name>pbistGetConfigValue</name>
         <value>0x9db0</value>
         <object_component_ref idref="oc-7b"/>
      </symbol>
      <symbol id="sm-8e5">
         <name>vimParityCheck</name>
         <value>0x8e00</value>
         <object_component_ref idref="oc-7b"/>
      </symbol>
      <symbol id="sm-8e6">
         <name>pbistIsTestCompleted</name>
         <value>0x85a8</value>
         <object_component_ref idref="oc-7b"/>
      </symbol>
      <symbol id="sm-8e7">
         <name>disableParity</name>
         <value>0xa424</value>
         <object_component_ref idref="oc-7b"/>
      </symbol>
      <symbol id="sm-8e8">
         <name>pbistRun</name>
         <value>0x84ac</value>
         <object_component_ref idref="oc-7b"/>
      </symbol>
      <symbol id="sm-8e9">
         <name>pbistFail</name>
         <value>0x9d2c</value>
         <object_component_ref idref="oc-7b"/>
      </symbol>
      <symbol id="sm-8ea">
         <name>selftestFailNotification</name>
         <value>0x8020</value>
         <object_component_ref idref="oc-7b"/>
      </symbol>
      <symbol id="sm-8eb">
         <name>errata_PBIST_4</name>
         <value>0xa0b0</value>
         <object_component_ref idref="oc-7b"/>
      </symbol>
      <symbol id="sm-8ec">
         <name>efcSelfTest</name>
         <value>0x8794</value>
         <object_component_ref idref="oc-7b"/>
      </symbol>
      <symbol id="sm-8ed">
         <name>checkB1RAMECC</name>
         <value>0x8b28</value>
         <object_component_ref idref="oc-7b"/>
      </symbol>
      <symbol id="sm-8ee">
         <name>pbistStop</name>
         <value>0x8578</value>
         <object_component_ref idref="oc-7b"/>
      </symbol>
      <symbol id="sm-8ef">
         <name>checkRAMAddrParity</name>
         <value>0x999c</value>
         <object_component_ref idref="oc-7b"/>
      </symbol>
      <symbol id="sm-8f0">
         <name>checkB0RAMECC</name>
         <value>0x8938</value>
         <object_component_ref idref="oc-7b"/>
      </symbol>
      <symbol id="sm-8f1">
         <name>stcGetConfigValue</name>
         <value>0x9ef8</value>
         <object_component_ref idref="oc-7b"/>
      </symbol>
      <symbol id="sm-8f2">
         <name>pbistIsTestPassed</name>
         <value>0x85d4</value>
         <object_component_ref idref="oc-7b"/>
      </symbol>
      <symbol id="sm-8f3">
         <name>checkClockMonitor</name>
         <value>0x9604</value>
         <object_component_ref idref="oc-7b"/>
      </symbol>
      <symbol id="sm-8f4">
         <name>fmcECCcheck</name>
         <value>0x8898</value>
         <object_component_ref idref="oc-7b"/>
      </symbol>
      <symbol id="sm-8f5">
         <name>fmcBus2Check</name>
         <value>0x885c</value>
         <object_component_ref idref="oc-7b"/>
      </symbol>
      <symbol id="sm-8f6">
         <name>checkRAMUERRTest</name>
         <value>0x9aa4</value>
         <object_component_ref idref="oc-7b"/>
      </symbol>
      <symbol id="sm-8f7">
         <name>efcStuckZeroTest</name>
         <value>0x86e8</value>
         <object_component_ref idref="oc-7b"/>
      </symbol>
      <symbol id="sm-920">
         <name>_c_int00</name>
         <value>0xdb60</value>
         <object_component_ref idref="oc-1b"/>
      </symbol>
      <symbol id="sm-921">
         <name>handlePLLLockFail</name>
         <value>0xe8fc</value>
         <object_component_ref idref="oc-6f"/>
      </symbol>
      <symbol id="sm-9b9">
         <name>vimChannelMap</name>
         <value>0xba24</value>
         <object_component_ref idref="oc-36"/>
      </symbol>
      <symbol id="sm-9ba">
         <name>vimInit</name>
         <value>0xb950</value>
         <object_component_ref idref="oc-36"/>
      </symbol>
      <symbol id="sm-9bb">
         <name>vimEnableInterrupt</name>
         <value>0xbac8</value>
         <object_component_ref idref="oc-36"/>
      </symbol>
      <symbol id="sm-9bc">
         <name>vimDisableInterrupt</name>
         <value>0xbc20</value>
         <object_component_ref idref="oc-36"/>
      </symbol>
      <symbol id="sm-9bd">
         <name>vimGetConfigValue</name>
         <value>0xbca4</value>
         <object_component_ref idref="oc-36"/>
      </symbol>
      <symbol id="sm-9be">
         <name>vimParityErrorHandler</name>
         <value>0xd6c0</value>
         <object_component_ref idref="oc-35"/>
      </symbol>
      <symbol id="sm-a12">
         <name>systemGetConfigValue</name>
         <value>0xa848</value>
         <object_component_ref idref="oc-75"/>
      </symbol>
      <symbol id="sm-a13">
         <name>trimLPO</name>
         <value>0xa560</value>
         <object_component_ref idref="oc-75"/>
      </symbol>
      <symbol id="sm-a14">
         <name>systemInit</name>
         <value>0xa74c</value>
         <object_component_ref idref="oc-75"/>
      </symbol>
      <symbol id="sm-a15">
         <name>customTrimLPO</name>
         <value>0xaef0</value>
         <object_component_ref idref="oc-75"/>
      </symbol>
      <symbol id="sm-a16">
         <name>tcmflashGetConfigValue</name>
         <value>0xac08</value>
         <object_component_ref idref="oc-75"/>
      </symbol>
      <symbol id="sm-a17">
         <name>sramGetConfigValue</name>
         <value>0xadb4</value>
         <object_component_ref idref="oc-75"/>
      </symbol>
      <symbol id="sm-a18">
         <name>periphInit</name>
         <value>0xa614</value>
         <object_component_ref idref="oc-75"/>
      </symbol>
      <symbol id="sm-a19">
         <name>setupFlash</name>
         <value>0xa5d4</value>
         <object_component_ref idref="oc-75"/>
      </symbol>
      <symbol id="sm-a1a">
         <name>setupPLL</name>
         <value>0xa510</value>
         <object_component_ref idref="oc-75"/>
      </symbol>
      <symbol id="sm-a1b">
         <name>mapClocks</name>
         <value>0xa668</value>
         <object_component_ref idref="oc-75"/>
      </symbol>
      <symbol id="sm-a1c">
         <name>systemPowerDown</name>
         <value>0xa818</value>
         <object_component_ref idref="oc-75"/>
      </symbol>
      <symbol id="sm-a2b">
         <name>__aeabi_memset</name>
         <value>0xe61c</value>
         <object_component_ref idref="oc-d1"/>
      </symbol>
      <symbol id="sm-a2c">
         <name>memset</name>
         <value>0xe628</value>
         <object_component_ref idref="oc-d1"/>
      </symbol>
      <symbol id="sm-a2d">
         <name>__aeabi_memset8</name>
         <value>0xe61c</value>
         <object_component_ref idref="oc-d1"/>
      </symbol>
      <symbol id="sm-a2e">
         <name>__aeabi_memset4</name>
         <value>0xe61c</value>
         <object_component_ref idref="oc-d1"/>
      </symbol>
      <symbol id="sm-a2f">
         <name>__aeabi_memclr8</name>
         <value>0xe618</value>
         <object_component_ref idref="oc-d1"/>
      </symbol>
      <symbol id="sm-a30">
         <name>__aeabi_memclr4</name>
         <value>0xe618</value>
         <object_component_ref idref="oc-d1"/>
      </symbol>
      <symbol id="sm-a31">
         <name>__aeabi_memclr</name>
         <value>0xe618</value>
         <object_component_ref idref="oc-d1"/>
      </symbol>
      <symbol id="sm-a4a">
         <name>memcpy</name>
         <value>0xdf30</value>
         <object_component_ref idref="oc-4c"/>
      </symbol>
      <symbol id="sm-a4b">
         <name>__aeabi_memcpy</name>
         <value>0xdf30</value>
         <object_component_ref idref="oc-4c"/>
      </symbol>
      <symbol id="sm-a4c">
         <name>__aeabi_memcpy8</name>
         <value>0xdf30</value>
         <object_component_ref idref="oc-4c"/>
      </symbol>
      <symbol id="sm-a4d">
         <name>__aeabi_memcpy4</name>
         <value>0xdf30</value>
         <object_component_ref idref="oc-4c"/>
      </symbol>
      <symbol id="sm-a75">
         <name>__TI_auto_init_nobinit_nopinit</name>
         <value>0xe844</value>
         <object_component_ref idref="oc-f5"/>
      </symbol>
      <symbol id="sm-a88">
         <name>__TI_zero_init</name>
         <value>0xe8e0</value>
         <object_component_ref idref="oc-5e"/>
      </symbol>
      <symbol id="sm-a9f">
         <name>__TI_decompress_none</name>
         <value>0xe8cc</value>
         <object_component_ref idref="oc-14"/>
      </symbol>
      <symbol id="sm-ac2">
         <name>__TI_decompress_lzss</name>
         <value>0xe6c8</value>
         <object_component_ref idref="oc-e"/>
      </symbol>
      <symbol id="sm-acd">
         <name>C$$EXIT</name>
         <value>0xe8f0</value>
         <object_component_ref idref="oc-13b"/>
      </symbol>
      <symbol id="sm-ace">
         <name>abort</name>
         <value>0xe8f0</value>
         <object_component_ref idref="oc-13b"/>
      </symbol>
      <symbol id="sm-add">
         <name>strlen</name>
         <value>0xe8ac</value>
         <object_component_ref idref="oc-228"/>
      </symbol>
      <symbol id="sm-ade">
         <name>__TI_static_base__</name>
         <value>0x0</value>
      </symbol>
      <symbol id="sm-ae2">
         <name>SHT$$INIT_ARRAY$$Base</name>
         <value>0x0</value>
      </symbol>
      <symbol id="sm-ae3">
         <name>SHT$$INIT_ARRAY$$Limit</name>
         <value>0x0</value>
      </symbol>
      <symbol id="sm-ae4">
         <name>_system_post_cinit</name>
         <value>0x0</value>
      </symbol>
   </symbol_table>
   <title>Link successful</title>
</link_info>
